Component: ARM Compiler 5.05 update 2 (build 169) Tool: armlink [4d0f33]

==============================================================================

Section Cross References

    startup_stm32f103xe.o(RESET) refers to startup_stm32f103xe.o(STACK) for __initial_sp
    startup_stm32f103xe.o(RESET) refers to startup_stm32f103xe.o(.text) for Reset_Handler
    startup_stm32f103xe.o(RESET) refers to stm32f1xx_it.o(i.NMI_Handler) for NMI_Handler
    startup_stm32f103xe.o(RESET) refers to stm32f1xx_it.o(i.HardFault_Handler) for HardFault_Handler
    startup_stm32f103xe.o(RESET) refers to stm32f1xx_it.o(i.MemManage_Handler) for MemManage_Handler
    startup_stm32f103xe.o(RESET) refers to stm32f1xx_it.o(i.BusFault_Handler) for BusFault_Handler
    startup_stm32f103xe.o(RESET) refers to stm32f1xx_it.o(i.UsageFault_Handler) for UsageFault_Handler
    startup_stm32f103xe.o(RESET) refers to stm32f1xx_it.o(i.SVC_Handler) for SVC_Handler
    startup_stm32f103xe.o(RESET) refers to stm32f1xx_it.o(i.DebugMon_Handler) for DebugMon_Handler
    startup_stm32f103xe.o(RESET) refers to stm32f1xx_it.o(i.PendSV_Handler) for PendSV_Handler
    startup_stm32f103xe.o(RESET) refers to stm32f1xx_it.o(i.SysTick_Handler) for SysTick_Handler
    startup_stm32f103xe.o(RESET) refers to stm32f1xx_it.o(i.EXTI0_IRQHandler) for EXTI0_IRQHandler
    startup_stm32f103xe.o(RESET) refers to stm32f1xx_it.o(i.EXTI1_IRQHandler) for EXTI1_IRQHandler
    startup_stm32f103xe.o(RESET) refers to stm32f1xx_it.o(i.EXTI2_IRQHandler) for EXTI2_IRQHandler
    startup_stm32f103xe.o(RESET) refers to stm32f1xx_it.o(i.EXTI3_IRQHandler) for EXTI3_IRQHandler
    startup_stm32f103xe.o(RESET) refers to stm32f1xx_it.o(i.DMA1_Channel5_IRQHandler) for DMA1_Channel5_IRQHandler
    startup_stm32f103xe.o(RESET) refers to stm32f1xx_it.o(i.TIM3_IRQHandler) for TIM3_IRQHandler
    startup_stm32f103xe.o(RESET) refers to stm32f1xx_it.o(i.USART1_IRQHandler) for USART1_IRQHandler
    startup_stm32f103xe.o(RESET) refers to stm32f1xx_it.o(i.TIM6_IRQHandler) for TIM6_IRQHandler
    startup_stm32f103xe.o(.text) refers to system_stm32f1xx.o(i.SystemInit) for SystemInit
    startup_stm32f103xe.o(.text) refers to entry.o(.ARM.Collect$$$$00000000) for __main
    main.o(i.Fake_clock) refers to stm32f1xx_it.o(.data) for TimerCnt
    main.o(i.Fake_clock) refers to main.o(.data) for .data
    main.o(i.HAL_UARTEx_RxEventCallback) refers to stm32f1xx_hal_uart.o(i.HAL_UARTEx_ReceiveToIdle_DMA) for HAL_UARTEx_ReceiveToIdle_DMA
    main.o(i.HAL_UARTEx_RxEventCallback) refers to printf6.o(i.__0sprintf$6) for __2sprintf
    main.o(i.HAL_UARTEx_RxEventCallback) refers to atoi.o(.text) for atoi
    main.o(i.HAL_UARTEx_RxEventCallback) refers to stm32f1xx_hal_uart.o(i.HAL_UART_Transmit) for HAL_UART_Transmit
    main.o(i.HAL_UARTEx_RxEventCallback) refers to strncpy.o(.text) for strncpy
    main.o(i.HAL_UARTEx_RxEventCallback) refers to memcmp.o(.text) for memcmp
    main.o(i.HAL_UARTEx_RxEventCallback) refers to printf6.o(i.__0printf$6) for __2printf
    main.o(i.HAL_UARTEx_RxEventCallback) refers to memseta.o(.text) for __aeabi_memclr
    main.o(i.HAL_UARTEx_RxEventCallback) refers to main.o(.bss) for .bss
    main.o(i.HAL_UARTEx_RxEventCallback) refers to usart.o(.bss) for huart1
    main.o(i.HAL_UARTEx_RxEventCallback) refers to usart.o(.data) for hour_adjust_flag
    main.o(i.HAL_UARTEx_RxEventCallback) refers to stm32f1xx_it.o(.data) for TimerCnt
    main.o(i.HAL_UARTEx_RxEventCallback) refers to main.o(.data) for .data
    main.o(i.HAL_UARTEx_RxEventCallback) refers to usart.o(.data) for min_adjust_flag
    main.o(i.HAL_UARTEx_RxEventCallback) refers to usart.o(.data) for alarm_adjust_flag
    main.o(i.HAL_UART_ErrorCallback) refers to stm32f1xx_hal_uart.o(i.HAL_UARTEx_ReceiveToIdle_DMA) for HAL_UARTEx_ReceiveToIdle_DMA
    main.o(i.HAL_UART_ErrorCallback) refers to memseta.o(.text) for __aeabi_memclr
    main.o(i.HAL_UART_ErrorCallback) refers to main.o(.bss) for .bss
    main.o(i.HAL_UART_ErrorCallback) refers to usart.o(.bss) for huart1
    main.o(i.SystemClock_Config) refers to memseta.o(.text) for __aeabi_memclr4
    main.o(i.SystemClock_Config) refers to stm32f1xx_hal_rcc.o(i.HAL_RCC_OscConfig) for HAL_RCC_OscConfig
    main.o(i.SystemClock_Config) refers to stm32f1xx_hal_rcc.o(i.HAL_RCC_ClockConfig) for HAL_RCC_ClockConfig
    main.o(i.SystemClock_Config) refers to stm32f1xx_hal_rcc.o(i.HAL_RCC_EnableCSS) for HAL_RCC_EnableCSS
    main.o(i.fputc) refers to stm32f1xx_hal_uart.o(i.HAL_UART_Transmit) for HAL_UART_Transmit
    main.o(i.fputc) refers to usart.o(.bss) for huart1
    main.o(i.main) refers to stm32f1xx_hal.o(i.HAL_Init) for HAL_Init
    main.o(i.main) refers to main.o(i.SystemClock_Config) for SystemClock_Config
    main.o(i.main) refers to gpio.o(i.MX_GPIO_Init) for MX_GPIO_Init
    main.o(i.main) refers to dma.o(i.MX_DMA_Init) for MX_DMA_Init
    main.o(i.main) refers to tim.o(i.MX_TIM3_Init) for MX_TIM3_Init
[...]
    Removing stm32f1xx_hal_exti.o(i.HAL_EXTI_GenerateSWI), (20 bytes).
    Removing stm32f1xx_hal_exti.o(i.HAL_EXTI_GetConfigLine), (140 bytes).
    Removing stm32f1xx_hal_exti.o(i.HAL_EXTI_GetHandle), (12 bytes).
    Removing stm32f1xx_hal_exti.o(i.HAL_EXTI_GetPending), (24 bytes).
    Removing stm32f1xx_hal_exti.o(i.HAL_EXTI_IRQHandler), (36 bytes).
    Removing stm32f1xx_hal_exti.o(i.HAL_EXTI_RegisterCallback), (14 bytes).
    Removing stm32f1xx_hal_exti.o(i.HAL_EXTI_SetConfigLine), (164 bytes).
    Removing stm32f1xx_hal_uart.o(.rev16_text), (4 bytes).
    Removing stm32f1xx_hal_uart.o(.revsh_text), (4 bytes).
    Removing stm32f1xx_hal_uart.o(.rrx_text), (6 bytes).
    Removing stm32f1xx_hal_uart.o(i.HAL_HalfDuplex_EnableReceiver), (50 bytes).
    Removing stm32f1xx_hal_uart.o(i.HAL_HalfDuplex_EnableTransmitter), (50 bytes).
    Removing stm32f1xx_hal_uart.o(i.HAL_HalfDuplex_Init), (110 bytes).
    Removing stm32f1xx_hal_uart.o(i.HAL_LIN_Init), (130 bytes).
    Removing stm32f1xx_hal_uart.o(i.HAL_LIN_SendBreak), (60 bytes).
    Removing stm32f1xx_hal_uart.o(i.HAL_MultiProcessor_EnterMuteMode), (62 bytes).
    Removing stm32f1xx_hal_uart.o(i.HAL_MultiProcessor_ExitMuteMode), (62 bytes).
    Removing stm32f1xx_hal_uart.o(i.HAL_MultiProcessor_Init), (144 bytes).
    Removing stm32f1xx_hal_uart.o(i.HAL_UARTEx_GetRxEventType), (4 bytes).
    Removing stm32f1xx_hal_uart.o(i.HAL_UARTEx_ReceiveToIdle), (240 bytes).
    Removing stm32f1xx_hal_uart.o(i.HAL_UARTEx_ReceiveToIdle_IT), (78 bytes).
    Removing stm32f1xx_hal_uart.o(i.HAL_UARTEx_RxEventCallback), (2 bytes).
    Removing stm32f1xx_hal_uart.o(i.HAL_UART_Abort), (210 bytes).
    Removing stm32f1xx_hal_uart.o(i.HAL_UART_AbortCpltCallback), (2 bytes).
    Removing stm32f1xx_hal_uart.o(i.HAL_UART_AbortReceive), (148 bytes).
    Removing stm32f1xx_hal_uart.o(i.HAL_UART_AbortReceiveCpltCallback), (2 bytes).
    Removing stm32f1xx_hal_uart.o(i.HAL_UART_AbortReceive_IT), (152 bytes).
    Removing stm32f1xx_hal_uart.o(i.HAL_UART_AbortTransmit), (98 bytes).
    Removing stm32f1xx_hal_uart.o(i.HAL_UART_AbortTransmitCpltCallback), (2 bytes).
    Removing stm32f1xx_hal_uart.o(i.HAL_UART_AbortTransmit_IT), (104 bytes).
    Removing stm32f1xx_hal_uart.o(i.HAL_UART_Abort_IT), (244 bytes).
    Removing stm32f1xx_hal_uart.o(i.HAL_UART_DMAPause), (120 bytes).
    Removing stm32f1xx_hal_uart.o(i.HAL_UART_DMAResume), (114 bytes).
    Removing stm32f1xx_hal_uart.o(i.HAL_UART_DMAStop), (112 bytes).
    Removing stm32f1xx_hal_uart.o(i.HAL_UART_DeInit), (54 bytes).
    Removing stm32f1xx_hal_uart.o(i.HAL_UART_ErrorCallback), (2 bytes).
    Removing stm32f1xx_hal_uart.o(i.HAL_UART_GetError), (4 bytes).
    Removing stm32f1xx_hal_uart.o(i.HAL_UART_GetState), (10 bytes).
    Removing stm32f1xx_hal_uart.o(i.HAL_UART_MspDeInit), (2 bytes).
    Removing stm32f1xx_hal_uart.o(i.HAL_UART_MspInit), (2 bytes).
    Removing stm32f1xx_hal_uart.o(i.HAL_UART_Receive), (172 bytes).
    Removing stm32f1xx_hal_uart.o(i.HAL_UART_Receive_DMA), (28 bytes).
    Removing stm32f1xx_hal_uart.o(i.HAL_UART_Receive_IT), (28 bytes).
    Removing stm32f1xx_hal_uart.o(i.HAL_UART_Transmit_DMA), (120 bytes).
    Removing stm32f1xx_hal_uart.o(i.HAL_UART_Transmit_IT), (50 bytes).
    Removing stm32f1xx_hal_uart.o(i.HAL_UART_TxHalfCpltCallback), (2 bytes).
    Removing stm32f1xx_hal_uart.o(i.UART_DMARxAbortCallback), (44 bytes).
    Removing stm32f1xx_hal_uart.o(i.UART_DMARxOnlyAbortCallback), (22 bytes).
    Removing stm32f1xx_hal_uart.o(i.UART_DMATransmitCplt), (66 bytes).
    Removing stm32f1xx_hal_uart.o(i.UART_DMATxAbortCallback), (44 bytes).
    Removing stm32f1xx_hal_uart.o(i.UART_DMATxHalfCplt), (10 bytes).
    Removing stm32f1xx_hal_uart.o(i.UART_DMATxOnlyAbortCallback), (20 bytes).
    Removing stm32f1xx_hal_uart.o(i.UART_Start_Receive_IT), (54 bytes).
    Removing system_stm32f1xx.o(.rev16_text), (4 bytes).
    Removing system_stm32f1xx.o(.revsh_text), (4 bytes).
    Removing system_stm32f1xx.o(.rrx_text), (6 bytes).
    Removing system_stm32f1xx.o(i.SystemCoreClockUpdate), (104 bytes).
    Removing bsp_ili9341_lcd.o(.rev16_text), (4 bytes).
    Removing bsp_ili9341_lcd.o(.revsh_text), (4 bytes).
    Removing bsp_ili9341_lcd.o(.rrx_text), (6 bytes).
    Removing bsp_ili9341_lcd.o(i.GPIO_ReadOutputData), (6 bytes).
    Removing bsp_ili9341_lcd.o(i.ILI9341_DrawPixel), (56 bytes).
    Removing bsp_ili9341_lcd.o(i.LCD_BGR2RGB), (18 bytes).
    Removing bsp_ili9341_lcd.o(i.LCD_DrawLine), (154 bytes).
    Removing bsp_ili9341_lcd.o(i.LCD_DrawRectangle), (58 bytes).
    Removing bsp_ili9341_lcd.o(i.LCD_Show2Num), (134 bytes).
    Removing bsp_ili9341_lcd.o(i.LCD_ShowNum), (118 bytes).
    Removing bsp_ili9341_lcd.o(i.LCD_WriteRAM), (732 bytes).
    Removing bsp_ili9341_lcd.o(i.LCD_WriteRAM_Prepare), (6 bytes).
    Removing bsp_ili9341_lcd.o(i.TEST_FONT), (42 bytes).
    Removing bsp_ili9341_lcd.o(i.Test_Show_CH_Font24), (112 bytes).
    Removing bsp_ili9341_lcd.o(i.Write_u16_data), (10 bytes).
    Removing bsp_ili9341_lcd.o(i.mypow), (16 bytes).
    Removing bsp_ili9341_lcd.o(.data), (2 bytes).
    Removing dadd.o(.text), (334 bytes).
    Removing dmul.o(.text), (228 bytes).
    Removing ddiv.o(.text), (222 bytes).
    Removing dfixul.o(.text), (48 bytes).
    Removing cdrcmple.o(.text), (48 bytes).
    Removing depilogue.o(.text), (186 bytes).

381 unused section(s) (total 32315 bytes) removed from the image.

==============================================================================

Image Symbol Table

    Local Symbols

    Symbol Name                              Value     Ov Type        Size  Object(Section)

    ../Core/Src/dma.c                        0x00000000   Number         0  dma.o ABSOLUTE
    ../Core/Src/gpio.c                       0x00000000   Number         0  gpio.o ABSOLUTE
    ../Core/Src/main.c                       0x00000000   Number         0  main.o ABSOLUTE
    ../Core/Src/stm32f1xx_hal_msp.c          0x00000000   Number         0  stm32f1xx_hal_msp.o ABSOLUTE
    ../Core/Src/stm32f1xx_it.c               0x00000000   Number         0  stm32f1xx_it.o ABSOLUTE
    ../Core/Src/system_stm32f1xx.c           0x00000000   Number         0  system_stm32f1xx.o ABSOLUTE
    ../Core/Src/tim.c                        0x00000000   Number         0  tim.o ABSOLUTE
    ../Core/Src/usart.c                      0x00000000   Number         0  usart.o ABSOLUTE
    ../Drivers/STM32F1xx_HAL_Driver/Src/stm32f1xx_hal.c 0x00000000   Number         0  stm32f1xx_hal.o ABSOLUTE
    ../Drivers/STM32F1xx_HAL_Driver/Src/stm32f1xx_hal_cortex.c 0x00000000   Number         0  stm32f1xx_hal_cortex.o ABSOLUTE
    ../Drivers/STM32F1xx_HAL_Driver/Src/stm32f1xx_hal_dma.c 0x00000000   Number         0  stm32f1xx_hal_dma.o ABSOLUTE
    ../Drivers/STM32F1xx_HAL_Driver/Src/stm32f1xx_hal_exti.c 0x00000000   Number         0  stm32f1xx_hal_exti.o ABSOLUTE
    ../Drivers/STM32F1xx_HAL_Driver/Src/stm32f1xx_hal_flash.c 0x00000000   Number         0  stm32f1xx_hal_flash.o ABSOLUTE
    ../Drivers/STM32F1xx_HAL_Driver/Src/stm32f1xx_hal_flash_ex.c 0x00000000   Number         0  stm32f1xx_hal_flash_ex.o ABSOLUTE
    ../Drivers/STM32F1xx_HAL_Driver/Src/stm32f1xx_hal_gpio.c 0x00000000   Number         0  stm32f1xx_hal_gpio.o ABSOLUTE
    ../Drivers/STM32F1xx_HAL_Driver/Src/stm32f1xx_hal_gpio_ex.c 0x00000000   Number         0  stm32f1xx_hal_gpio_ex.o ABSOLUTE
    ../Drivers/STM32F1xx_HAL_Driver/Src/stm32f1xx_hal_pwr.c 0x00000000   Number         0  stm32f1xx_hal_pwr.o ABSOLUTE
    ../Drivers/STM32F1xx_HAL_Driver/Src/stm32f1xx_hal_rcc.c 0x00000000   Number         0  stm32f1xx_hal_rcc.o ABSOLUTE
    ../Drivers/STM32F1xx_HAL_Driver/Src/stm32f1xx_hal_rcc_ex.c 0x00000000   Number         0  stm32f1xx_hal_rcc_ex.o ABSOLUTE
    ../Drivers/STM32F1xx_HAL_Driver/Src/stm32f1xx_hal_tim.c 0x00000000   Number         0  stm32f1xx_hal_tim.o ABSOLUTE
    ../Drivers/STM32F1xx_HAL_Driver/Src/stm32f1xx_hal_tim_ex.c 0x00000000   Number         0  stm32f1xx_hal_tim_ex.o ABSOLUTE
    ../Drivers/STM32F1xx_HAL_Driver/Src/stm32f1xx_hal_uart.c 0x00000000   Number         0  stm32f1xx_hal_uart.o ABSOLUTE
    ../clib/microlib/ctype/ctype.c           0x00000000   Number         0  iscntrl_o.o ABSOLUTE
    ../clib/microlib/ctype/ctype.c           0x00000000   Number         0  ispunct_o.o ABSOLUTE
    ../clib/microlib/ctype/ctype.c           0x00000000   Number         0  isprint_o.o ABSOLUTE
    ../clib/microlib/ctype/ctype.c           0x00000000   Number         0  islower_o.o ABSOLUTE
    ../clib/microlib/ctype/ctype.c           0x00000000   Number         0  isgraph_o.o ABSOLUTE
    ../clib/microlib/ctype/ctype.c           0x00000000   Number         0  isdigit_o.o ABSOLUTE
    ../clib/microlib/ctype/ctype.c           0x00000000   Number         0  isblank_o.o ABSOLUTE
    ../clib/microlib/ctype/ctype.c           0x00000000   Number         0  isalpha_o.o ABSOLUTE
    ../clib/microlib/ctype/ctype.c           0x00000000   Number         0  isupper_o.o ABSOLUTE
    ../clib/microlib/ctype/ctype.c           0x00000000   Number         0  isalnum_o.o ABSOLUTE
    ../clib/microlib/ctype/ctype.c           0x00000000   Number         0  ctype_o.o ABSOLUTE
    ../clib/microlib/ctype/ctype.c           0x00000000   Number         0  isxdigit_o.o ABSOLUTE
    ../clib/microlib/ctype/ctype.c           0x00000000   Number         0  isspace_o.o ABSOLUTE
    ../clib/microlib/division.c              0x00000000   Number         0  uidiv.o ABSOLUTE
    ../clib/microlib/division.c              0x00000000   Number         0  uldiv.o ABSOLUTE
    ../clib/microlib/errno.c                 0x00000000   Number         0  errno.o ABSOLUTE
    ../clib/microlib/init/entry.s            0x00000000   Number         0  entry8b.o ABSOLUTE
    ../clib/microlib/init/entry.s            0x00000000   Number         0  entry8a.o ABSOLUTE
    ../clib/microlib/init/entry.s            0x00000000   Number         0  entry7b.o ABSOLUTE
    ../clib/microlib/init/entry.s            0x00000000   Number         0  entry10b.o ABSOLUTE
    ../clib/microlib/init/entry.s            0x00000000   Number         0  entry11a.o ABSOLUTE
    ../clib/microlib/init/entry.s            0x00000000   Number         0  entry11b.o ABSOLUTE
    ../clib/microlib/init/entry.s            0x00000000   Number         0  entry7a.o ABSOLUTE
    ../clib/microlib/init/entry.s            0x00000000   Number         0  entry5.o ABSOLUTE
    ../clib/microlib/init/entry.s            0x00000000   Number         0  entry.o ABSOLUTE
    ../clib/microlib/init/entry.s            0x00000000   Number         0  entry10a.o ABSOLUTE
    ../clib/microlib/init/entry.s            0x00000000   Number         0  entry9b.o ABSOLUTE
    ../clib/microlib/init/entry.s            0x00000000   Number         0  entry9a.o ABSOLUTE
    ../clib/microlib/init/entry.s            0x00000000   Number         0  entry2.o ABSOLUTE
    ../clib/microlib/longlong.c              0x00000000   Number         0  llshl.o ABSOLUTE
    ../clib/microlib/longlong.c              0x00000000   Number         0  llsshr.o ABSOLUTE
    ../clib/microlib/longlong.c              0x00000000   Number         0  llushr.o ABSOLUTE
    ../clib/microlib/printf/printf.c         0x00000000   Number         0  printfb.o ABSOLUTE
    ../clib/microlib/printf/printf.c         0x00000000   Number         0  printf0.o ABSOLUTE
    ../clib/microlib/printf/printf.c         0x00000000   Number         0  printf1.o ABSOLUTE
    ../clib/microlib/printf/printf.c         0x00000000   Number         0  printf2.o ABSOLUTE
    ../clib/microlib/printf/printf.c         0x00000000   Number         0  printf3.o ABSOLUTE
    ../clib/microlib/printf/printf.c         0x00000000   Number         0  printf4.o ABSOLUTE
    ../clib/microlib/printf/printf.c         0x00000000   Number         0  printf5.o ABSOLUTE
    ../clib/microlib/printf/printf.c         0x00000000   Number         0  printf7.o ABSOLUTE
    ../clib/microlib/printf/printf.c         0x00000000   Number         0  printf8.o ABSOLUTE
    ../clib/microlib/printf/printf.c         0x00000000   Number         0  printf6.o ABSOLUTE
    ../clib/microlib/printf/printf.c         0x00000000   Number         0  printfa.o ABSOLUTE
    ../clib/microlib/printf/stubs.s          0x00000000   Number         0  stubs.o ABSOLUTE
    ../clib/microlib/stdio/streams.c         0x00000000   Number         0  stdout.o ABSOLUTE
    ../clib/microlib/string/memcmp.c         0x00000000   Number         0  memcmp.o ABSOLUTE
    ../clib/microlib/string/memset.c         0x00000000   Number         0  memseta.o ABSOLUTE
    ../clib/microlib/string/strncpy.c        0x00000000   Number         0  strncpy.o ABSOLUTE
    ../clib/microlib/stubs.s                 0x00000000   Number         0  iusefp.o ABSOLUTE
    ../clib/scanf.c                          0x00000000   Number         0  atoi.o ABSOLUTE
    ../clib/scanf.c                          0x00000000   Number         0  strtol.o ABSOLUTE
    ../clib/scanf.c                          0x00000000   Number         0  _chval.o ABSOLUTE
    ../clib/scanf.c                          0x00000000   Number         0  _strtoul.o ABSOLUTE
    ../fplib/microlib/fpadd.c                0x00000000   Number         0  dadd.o ABSOLUTE
    ../fplib/microlib/fpdiv.c                0x00000000   Number         0  ddiv.o ABSOLUTE
    ../fplib/microlib/fpepilogue.c           0x00000000   Number         0  depilogue.o ABSOLUTE
    ../fplib/microlib/fpfix.c                0x00000000   Number         0  dfixul.o ABSOLUTE
    ../fplib/microlib/fpmul.c                0x00000000   Number         0  dmul.o ABSOLUTE
    ..\Core\Src\dma.c                        0x00000000   Number         0  dma.o ABSOLUTE
    ..\Core\Src\gpio.c                       0x00000000   Number         0  gpio.o ABSOLUTE
    ..\Core\Src\main.c                       0x00000000   Number         0  main.o ABSOLUTE
    ..\Core\Src\stm32f1xx_hal_msp.c          0x00000000   Number         0  stm32f1xx_hal_msp.o ABSOLUTE
    ..\Core\Src\stm32f1xx_it.c               0x00000000   Number         0  stm32f1xx_it.o ABSOLUTE
    ..\Core\Src\system_stm32f1xx.c           0x00000000   Number         0  system_stm32f1xx.o ABSOLUTE
    ..\Core\Src\tim.c                        0x00000000   Number         0  tim.o ABSOLUTE
    ..\Core\Src\usart.c                      0x00000000   Number         0  usart.o ABSOLUTE
    ..\Drivers\STM32F1xx_HAL_Driver\Src\stm32f1xx_hal.c 0x00000000   Number         0  stm32f1xx_hal.o ABSOLUTE
    ..\Drivers\STM32F1xx_HAL_Driver\Src\stm32f1xx_hal_cortex.c 0x00000000   Number         0  stm32f1xx_hal_cortex.o ABSOLUTE
    ..\Drivers\STM32F1xx_HAL_Driver\Src\stm32f1xx_hal_dma.c 0x00000000   Number         0  stm32f1xx_hal_dma.o ABSOLUTE
    ..\Drivers\STM32F1xx_HAL_Driver\Src\stm32f1xx_hal_exti.c 0x00000000   Number         0  stm32f1xx_hal_exti.o ABSOLUTE
    ..\Drivers\STM32F1xx_HAL_Driver\Src\stm32f1xx_hal_flash.c 0x00000000   Number         0  stm32f1xx_hal_flash.o ABSOLUTE
    ..\Drivers\STM32F1xx_HAL_Driver\Src\stm32f1xx_hal_flash_ex.c 0x00000000   Number         0  stm32f1xx_hal_flash_ex.o ABSOLUTE
    ..\Drivers\STM32F1xx_HAL_Driver\Src\stm32f1xx_hal_gpio.c 0x00000000   Number         0  stm32f1xx_hal_gpio.o ABSOLUTE
    ..\Drivers\STM32F1xx_HAL_Driver\Src\stm32f1xx_hal_gpio_ex.c 0x00000000   Number         0  stm32f1xx_hal_gpio_ex.o ABSOLUTE
    ..\Drivers\STM32F1xx_HAL_Driver\Src\stm32f1xx_hal_pwr.c 0x00000000   Number         0  stm32f1xx_hal_pwr.o ABSOLUTE
    ..\Drivers\STM32F1xx_HAL_Driver\Src\stm32f1xx_hal_rcc.c 0x00000000   Number         0  stm32f1xx_hal_rcc.o ABSOLUTE
    ..\Drivers\STM32F1xx_HAL_Driver\Src\stm32f1xx_hal_rcc_ex.c 0x00000000   Number         0  stm32f1xx_hal_rcc_ex.o ABSOLUTE
    ..\Drivers\STM32F1xx_HAL_Driver\Src\stm32f1xx_hal_tim.c 0x00000000   Number         0  stm32f1xx_hal_tim.o ABSOLUTE
    ..\Drivers\STM32F1xx_HAL_Driver\Src\stm32f1xx_hal_tim_ex.c 0x00000000   Number         0  stm32f1xx_hal_tim_ex.o ABSOLUTE
    ..\Drivers\STM32F1xx_HAL_Driver\Src\stm32f1xx_hal_uart.c 0x00000000   Number         0  stm32f1xx_hal_uart.o ABSOLUTE
    ..\LCD\bsp_ili9341_lcd.c                 0x00000000   Number         0  bsp_ili9341_lcd.o ABSOLUTE
    ..\\LCD\\bsp_ili9341_lcd.c               0x00000000   Number         0  bsp_ili9341_lcd.o ABSOLUTE
    cdrcmple.s                               0x00000000   Number         0  cdrcmple.o ABSOLUTE
    dc.s                                     0x00000000   Number         0  dc.o ABSOLUTE
    handlers.s                               0x00000000   Number         0  handlers.o ABSOLUTE
    init.s                                   0x00000000   Number         0  init.o ABSOLUTE
    startup_stm32f103xe.s                    0x00000000   Number         0  startup_stm32f103xe.o ABSOLUTE
    RESET                                    0x08000000   Section      304  startup_stm32f103xe.o(RESET)
    .ARM.Collect$$$$00000000                 0x08000130   Section        0  entry.o(.ARM.Collect$$$$00000000)
    .ARM.Collect$$$$00000001                 0x08000130   Section        4  entry2.o(.ARM.Collect$$$$00000001)
    .ARM.Collect$$$$00000004                 0x08000134   Section        4  entry5.o(.ARM.Collect$$$$00000004)
    .ARM.Collect$$$$00000008                 0x08000138   Section        0  entry7b.o(.ARM.Collect$$$$00000008)
    .ARM.Collect$$$$0000000A                 0x08000138   Section        0  entry8b.o(.ARM.Collect$$$$0000000A)
    .ARM.Collect$$$$0000000B                 0x08000138   Section        8  entry9a.o(.ARM.Collect$$$$0000000B)
    .ARM.Collect$$$$0000000D                 0x08000140   Section        0  entry10a.o(.ARM.Collect$$$$0000000D)
    .ARM.Collect$$$$0000000F                 0x08000140   Section        0  entry11a.o(.ARM.Collect$$$$0000000F)
    .ARM.Collect$$$$00002712                 0x08000140   Section        4  entry2.o(.ARM.Collect$$$$00002712)
    __lit__00000000                          0x08000140   Data           4  entry2.o(.ARM.Collect$$$$00002712)
    .text                                    0x08000144   Section       36  startup_stm32f103xe.o(.text)
    .text                                    0x08000168   Section        0  memseta.o(.text)
    .text                                    0x0800018c   Section        0  strncpy.o(.text)
    .text                                    0x080001a4   Section        0  memcmp.o(.text)
    .text                                    0x080001be   Section        0  atoi.o(.text)
    .text                                    0x080001d8   Section        0  uidiv.o(.text)
    .text                                    0x08000204   Section        0  strtol.o(.text)
    .text                                    0x08000274   Section       36  init.o(.text)
    .text                                    0x08000298   Section        0  ctype_o.o(.text)
    .text                                    0x080002a0   Section        0  _strtoul.o(.text)
    .text                                    0x0800033e   Section        0  _chval.o(.text)
    i.BusFault_Handler                       0x0800035a   Section        0  stm32f1xx_it.o(i.BusFault_Handler)
    i.DMA1_Channel5_IRQHandler               0x0800035c   Section        0  stm32f1xx_it.o(i.DMA1_Channel5_IRQHandler)
    i.DMA_SetConfig                          0x08000368   Section        0  stm32f1xx_hal_dma.o(i.DMA_SetConfig)
    DMA_SetConfig                            0x08000369   Thumb Code    42  stm32f1xx_hal_dma.o(i.DMA_SetConfig)
    i.DebugMon_Handler                       0x08000392   Section        0  stm32f1xx_it.o(i.DebugMon_Handler)
    i.Draw_Circle                            0x08000394   Section        0  bsp_ili9341_lcd.o(i.Draw_Circle)
    i.EXTI0_IRQHandler                       0x08000464   Section        0  stm32f1xx_it.o(i.EXTI0_IRQHandler)
    i.EXTI1_IRQHandler                       0x08000478   Section        0  stm32f1xx_it.o(i.EXTI1_IRQHandler)
    i.EXTI2_IRQHandler                       0x0800048c   Section        0  stm32f1xx_it.o(i.EXTI2_IRQHandler)
    i.EXTI3_IRQHandler                       0x080004a0   Section        0  stm32f1xx_it.o(i.EXTI3_IRQHandler)
    i.Error_Handler                          0x080004b4   Section        0  main.o(i.Error_Handler)
    i.Fake_clock                             0x080004b8   Section        0  main.o(i.Fake_clock)
    i.HAL_DMA_Abort                          0x080004f0   Section        0  stm32f1xx_hal_dma.o(i.HAL_DMA_Abort)
    i.HAL_DMA_Abort_IT                       0x08000538   Section        0  stm32f1xx_hal_dma.o(i.HAL_DMA_Abort_IT)
    i.HAL_DMA_IRQHandler                     0x08000668   Section        0  stm32f1xx_hal_dma.o(i.HAL_DMA_IRQHandler)
    i.HAL_DMA_Init                           0x080008b0   Section        0  stm32f1xx_hal_dma.o(i.HAL_DMA_Init)
    i.HAL_DMA_Start_IT                       0x0800092c   Section        0  stm32f1xx_hal_dma.o(i.HAL_DMA_Start_IT)
    i.HAL_Delay                              0x0800099c   Section        0  stm32f1xx_hal.o(i.HAL_Delay)
    i.HAL_Delay_s                            0x080009c0   Section        0  tim.o(i.HAL_Delay_s)
    i.HAL_GPIO_EXTI_Callback                 0x080009fc   Section        0  stm32f1xx_hal_gpio.o(i.HAL_GPIO_EXTI_Callback)
    i.HAL_GPIO_EXTI_IRQHandler               0x08000a00   Section        0  stm32f1xx_hal_gpio.o(i.HAL_GPIO_EXTI_IRQHandler)
    i.HAL_GPIO_Init                          0x08000a18   Section        0  stm32f1xx_hal_gpio.o(i.HAL_GPIO_Init)
    i.HAL_GPIO_WritePin                      0x08000c10   Section        0  stm32f1xx_hal_gpio.o(i.HAL_GPIO_WritePin)
    i.HAL_GetTick                            0x08000c1c   Section        0  stm32f1xx_hal.o(i.HAL_GetTick)
    i.HAL_IncTick                            0x08000c28   Section        0  stm32f1xx_hal.o(i.HAL_IncTick)
    i.HAL_Init                               0x08000c38   Section        0  stm32f1xx_hal.o(i.HAL_Init)
    i.HAL_InitTick                           0x08000c5c   Section        0  stm32f1xx_hal.o(i.HAL_InitTick)
    i.HAL_MspInit                            0x08000c9c   Section        0  stm32f1xx_hal_msp.o(i.HAL_MspInit)
    i.HAL_NVIC_EnableIRQ                     0x08000cd8   Section        0  stm32f1xx_hal_cortex.o(i.HAL_NVIC_EnableIRQ)
    i.HAL_NVIC_SetPriority                   0x08000cf4   Section        0  stm32f1xx_hal_cortex.o(i.HAL_NVIC_SetPriority)
    i.HAL_NVIC_SetPriorityGrouping           0x08000d34   Section        0  stm32f1xx_hal_cortex.o(i.HAL_NVIC_SetPriorityGrouping)
    i.HAL_RCC_CSSCallback                    0x08000d58   Section        0  stm32f1xx_hal_rcc.o(i.HAL_RCC_CSSCallback)
    i.HAL_RCC_ClockConfig                    0x08000d5c   Section        0  stm32f1xx_hal_rcc.o(i.HAL_RCC_ClockConfig)
    i.HAL_RCC_EnableCSS                      0x08000e88   Section        0  stm32f1xx_hal_rcc.o(i.HAL_RCC_EnableCSS)
    i.HAL_RCC_GetPCLK1Freq                   0x08000e94   Section        0  stm32f1xx_hal_rcc.o(i.HAL_RCC_GetPCLK1Freq)
    i.HAL_RCC_GetPCLK2Freq                   0x08000eb4   Section        0  stm32f1xx_hal_rcc.o(i.HAL_RCC_GetPCLK2Freq)
    i.HAL_RCC_GetSysClockFreq                0x08000ed4   Section        0  stm32f1xx_hal_rcc.o(i.HAL_RCC_GetSysClockFreq)
    i.HAL_RCC_NMI_IRQHandler                 0x08000f20   Section        0  stm32f1xx_hal_rcc.o(i.HAL_RCC_NMI_IRQHandler)
    i.HAL_RCC_OscConfig                      0x08000f38   Section        0  stm32f1xx_hal_rcc.o(i.HAL_RCC_OscConfig)
    i.HAL_SYSTICK_Config                     0x08001258   Section        0  stm32f1xx_hal_cortex.o(i.HAL_SYSTICK_Config)
    i.HAL_TIMEx_BreakCallback                0x08001280   Section        0  stm32f1xx_hal_tim_ex.o(i.HAL_TIMEx_BreakCallback)
    i.HAL_TIMEx_CommutCallback               0x08001282   Section        0  stm32f1xx_hal_tim_ex.o(i.HAL_TIMEx_CommutCallback)
    i.HAL_TIMEx_MasterConfigSynchronization  0x08001284   Section        0  stm32f1xx_hal_tim_ex.o(i.HAL_TIMEx_MasterConfigSynchronization)
    i.HAL_TIM_Base_Init                      0x08001300   Section        0  stm32f1xx_hal_tim.o(i.HAL_TIM_Base_Init)
    i.HAL_TIM_Base_MspInit                   0x0800135c   Section        0  tim.o(i.HAL_TIM_Base_MspInit)
    i.HAL_TIM_Base_Start_IT                  0x080013c0   Section        0  stm32f1xx_hal_tim.o(i.HAL_TIM_Base_Start_IT)
    i.HAL_TIM_ConfigClockSource              0x0800142c   Section        0  stm32f1xx_hal_tim.o(i.HAL_TIM_ConfigClockSource)
    i.HAL_TIM_IC_CaptureCallback             0x08001508   Section        0  stm32f1xx_hal_tim.o(i.HAL_TIM_IC_CaptureCallback)
    i.HAL_TIM_IRQHandler                     0x0800150a   Section        0  stm32f1xx_hal_tim.o(i.HAL_TIM_IRQHandler)
    i.HAL_TIM_MspPostInit                    0x08001670   Section        0  tim.o(i.HAL_TIM_MspPostInit)
    i.HAL_TIM_OC_DelayElapsedCallback        0x080016d0   Section        0  stm32f1xx_hal_tim.o(i.HAL_TIM_OC_DelayElapsedCallback)
    i.HAL_TIM_PWM_ConfigChannel              0x080016d2   Section        0  stm32f1xx_hal_tim.o(i.HAL_TIM_PWM_ConfigChannel)
    i.HAL_TIM_PWM_Init                       0x0800179e   Section        0  stm32f1xx_hal_tim.o(i.HAL_TIM_PWM_Init)
    i.HAL_TIM_PWM_MspInit                    0x080017f8   Section        0  stm32f1xx_hal_tim.o(i.HAL_TIM_PWM_MspInit)
    i.HAL_TIM_PWM_PulseFinishedCallback      0x080017fa   Section        0  stm32f1xx_hal_tim.o(i.HAL_TIM_PWM_PulseFinishedCallback)
    i.HAL_TIM_PWM_Start                      0x080017fc   Section        0  stm32f1xx_hal_tim.o(i.HAL_TIM_PWM_Start)
    i.HAL_TIM_PeriodElapsedCallback          0x080018b0   Section        0  stm32f1xx_hal_tim.o(i.HAL_TIM_PeriodElapsedCallback)
    i.HAL_TIM_TriggerCallback                0x080018b2   Section        0  stm32f1xx_hal_tim.o(i.HAL_TIM_TriggerCallback)
    i.HAL_UARTEx_ReceiveToIdle_DMA           0x080018b4   Section        0  stm32f1xx_hal_uart.o(i.HAL_UARTEx_ReceiveToIdle_DMA)
    i.HAL_UARTEx_RxEventCallback             0x08001904   Section        0  main.o(i.HAL_UARTEx_RxEventCallback)
    i.HAL_UART_ErrorCallback                 0x08001ad8   Section        0  main.o(i.HAL_UART_ErrorCallback)
    i.HAL_UART_IRQHandler                    0x08001b08   Section        0  stm32f1xx_hal_uart.o(i.HAL_UART_IRQHandler)
    i.HAL_UART_Init                          0x08001d74   Section        0  stm32f1xx_hal_uart.o(i.HAL_UART_Init)
    i.HAL_UART_MspInit                       0x08001dd8   Section        0  usart.o(i.HAL_UART_MspInit)
    i.HAL_UART_RxCpltCallback                0x08001e88   Section        0  stm32f1xx_hal_uart.o(i.HAL_UART_RxCpltCallback)
    i.HAL_UART_RxHalfCpltCallback            0x08001e8a   Section        0  stm32f1xx_hal_uart.o(i.HAL_UART_RxHalfCpltCallback)
    i.HAL_UART_Transmit                      0x08001e8c   Section        0  stm32f1xx_hal_uart.o(i.HAL_UART_Transmit)
    i.HAL_UART_TxCpltCallback                0x08001f26   Section        0  stm32f1xx_hal_uart.o(i.HAL_UART_TxCpltCallback)
    i.HardFault_Handler                      0x08001f28   Section        0  stm32f1xx_it.o(i.HardFault_Handler)
    i.LCD_Clear                              0x08001f2a   Section        0  bsp_ili9341_lcd.o(i.LCD_Clear)
    i.LCD_DrawPoint                          0x08001f40   Section        0  bsp_ili9341_lcd.o(i.LCD_DrawPoint)
    i.LCD_Draw_Point                         0x08002248   Section        0  bsp_ili9341_lcd.o(i.LCD_Draw_Point)
    i.LCD_Fill                               0x0800225c   Section        0  bsp_ili9341_lcd.o(i.LCD_Fill)
    i.LCD_Init                               0x0800256c   Section        0  bsp_ili9341_lcd.o(i.LCD_Init)
    i.LCD_RESET                              0x0800aa38   Section        0  bsp_ili9341_lcd.o(i.LCD_RESET)
    i.LCD_SetCursor                          0x0800aa78   Section        0  bsp_ili9341_lcd.o(i.LCD_SetCursor)
    i.LCD_ShowChar                           0x0800c060   Section        0  bsp_ili9341_lcd.o(i.LCD_ShowChar)
    i.LCD_ShowString                         0x0800c158   Section        0  bsp_ili9341_lcd.o(i.LCD_ShowString)
    i.LCD_WR_REG                             0x0800c1a4   Section        0  bsp_ili9341_lcd.o(i.LCD_WR_REG)
    i.LCD_WriteReg                           0x0800c430   Section        0  bsp_ili9341_lcd.o(i.LCD_WriteReg)
    i.MX_DMA_Init                            0x0800c710   Section        0  dma.o(i.MX_DMA_Init)
    i.MX_GPIO_Init                           0x0800c73c   Section        0  gpio.o(i.MX_GPIO_Init)
    i.MX_TIM3_Init                           0x0800c824   Section        0  tim.o(i.MX_TIM3_Init)
    i.MX_TIM6_Init                           0x0800c8d4   Section        0  tim.o(i.MX_TIM6_Init)
    i.MX_USART1_UART_Init                    0x0800c92c   Section        0  usart.o(i.MX_USART1_UART_Init)
    i.MemManage_Handler                      0x0800c964   Section        0  stm32f1xx_it.o(i.MemManage_Handler)
    i.NMI_Handler                            0x0800c966   Section        0  stm32f1xx_it.o(i.NMI_Handler)
    i.PendSV_Handler                         0x0800c96c   Section        0  stm32f1xx_it.o(i.PendSV_Handler)
    i.SVC_Handler                            0x0800c96e   Section        0  stm32f1xx_it.o(i.SVC_Handler)
    i.SysTick_Handler                        0x0800c970   Section        0  stm32f1xx_it.o(i.SysTick_Handler)
    i.SystemClock_Config                     0x0800c974   Section        0  main.o(i.SystemClock_Config)
    i.SystemInit                             0x0800c9d4   Section        0  system_stm32f1xx.o(i.SystemInit)
    i.TIM3_IRQHandler                        0x0800c9d8   Section        0  stm32f1xx_it.o(i.TIM3_IRQHandler)
    i.TIM6_IRQHandler                        0x0800c9f8   Section        0  stm32f1xx_it.o(i.TIM6_IRQHandler)
    i.TIM_Base_SetConfig                     0x0800ca04   Section        0  stm32f1xx_hal_tim.o(i.TIM_Base_SetConfig)
    i.TIM_CCxChannelCmd                      0x0800ca90   Section        0  stm32f1xx_hal_tim.o(i.TIM_CCxChannelCmd)
    i.TIM_ETR_SetConfig                      0x0800caaa   Section        0  stm32f1xx_hal_tim.o(i.TIM_ETR_SetConfig)
    i.TIM_ITRx_SetConfig                     0x0800cabe   Section        0  stm32f1xx_hal_tim.o(i.TIM_ITRx_SetConfig)
    TIM_ITRx_SetConfig                       0x0800cabf   Thumb Code    16  stm32f1xx_hal_tim.o(i.TIM_ITRx_SetConfig)
    i.TIM_OC1_SetConfig                      0x0800cad0   Section        0  stm32f1xx_hal_tim.o(i.TIM_OC1_SetConfig)
    TIM_OC1_SetConfig                        0x0800cad1   Thumb Code    88  stm32f1xx_hal_tim.o(i.TIM_OC1_SetConfig)
    i.TIM_OC2_SetConfig                      0x0800cb30   Section        0  stm32f1xx_hal_tim.o(i.TIM_OC2_SetConfig)
    i.TIM_OC3_SetConfig                      0x0800cb9c   Section        0  stm32f1xx_hal_tim.o(i.TIM_OC3_SetConfig)
    TIM_OC3_SetConfig                        0x0800cb9d   Thumb Code    96  stm32f1xx_hal_tim.o(i.TIM_OC3_SetConfig)
    i.TIM_OC4_SetConfig                      0x0800cc04   Section        0  stm32f1xx_hal_tim.o(i.TIM_OC4_SetConfig)
    TIM_OC4_SetConfig                        0x0800cc05   Thumb Code    70  stm32f1xx_hal_tim.o(i.TIM_OC4_SetConfig)
    i.TIM_TI1_ConfigInputStage               0x0800cc54   Section        0  stm32f1xx_hal_tim.o(i.TIM_TI1_ConfigInputStage)
    TIM_TI1_ConfigInputStage                 0x0800cc55   Thumb Code    34  stm32f1xx_hal_tim.o(i.TIM_TI1_ConfigInputStage)
    i.TIM_TI2_ConfigInputStage               0x0800cc76   Section        0  stm32f1xx_hal_tim.o(i.TIM_TI2_ConfigInputStage)
    TIM_TI2_ConfigInputStage                 0x0800cc77   Thumb Code    36  stm32f1xx_hal_tim.o(i.TIM_TI2_ConfigInputStage)
    i.Test_Show_CH_Font16                    0x0800cc9c   Section        0  bsp_ili9341_lcd.o(i.Test_Show_CH_Font16)
    i.UART_DMAAbortOnError                   0x0800cd08   Section        0  stm32f1xx_hal_uart.o(i.UART_DMAAbortOnError)
    UART_DMAAbortOnError                     0x0800cd09   Thumb Code    16  stm32f1xx_hal_uart.o(i.UART_DMAAbortOnError)
    i.UART_DMAError                          0x0800cd18   Section        0  stm32f1xx_hal_uart.o(i.UART_DMAError)
    UART_DMAError                            0x0800cd19   Thumb Code    74  stm32f1xx_hal_uart.o(i.UART_DMAError)
    i.UART_DMAReceiveCplt                    0x0800cd62   Section        0  stm32f1xx_hal_uart.o(i.UART_DMAReceiveCplt)
    UART_DMAReceiveCplt                      0x0800cd63   Thumb Code   134  stm32f1xx_hal_uart.o(i.UART_DMAReceiveCplt)
    i.UART_DMARxHalfCplt                     0x0800cde8   Section        0  stm32f1xx_hal_uart.o(i.UART_DMARxHalfCplt)
    UART_DMARxHalfCplt                       0x0800cde9   Thumb Code    30  stm32f1xx_hal_uart.o(i.UART_DMARxHalfCplt)
    i.UART_EndRxTransfer                     0x0800ce06   Section        0  stm32f1xx_hal_uart.o(i.UART_EndRxTransfer)
    UART_EndRxTransfer                       0x0800ce07   Thumb Code    78  stm32f1xx_hal_uart.o(i.UART_EndRxTransfer)
    i.UART_EndTxTransfer                     0x0800ce54   Section        0  stm32f1xx_hal_uart.o(i.UART_EndTxTransfer)
    UART_EndTxTransfer                       0x0800ce55   Thumb Code    28  stm32f1xx_hal_uart.o(i.UART_EndTxTransfer)
    i.UART_Receive_IT                        0x0800ce70   Section        0  stm32f1xx_hal_uart.o(i.UART_Receive_IT)
    UART_Receive_IT                          0x0800ce71   Thumb Code   194  stm32f1xx_hal_uart.o(i.UART_Receive_IT)
    i.UART_SetConfig                         0x0800cf34   Section        0  stm32f1xx_hal_uart.o(i.UART_SetConfig)
    UART_SetConfig                           0x0800cf35   Thumb Code   178  stm32f1xx_hal_uart.o(i.UART_SetConfig)
    i.UART_Start_Receive_DMA                 0x0800cfec   Section        0  stm32f1xx_hal_uart.o(i.UART_Start_Receive_DMA)
    i.UART_WaitOnFlagUntilTimeout            0x0800d07c   Section        0  stm32f1xx_hal_uart.o(i.UART_WaitOnFlagUntilTimeout)
    UART_WaitOnFlagUntilTimeout              0x0800d07d   Thumb Code   120  stm32f1xx_hal_uart.o(i.UART_WaitOnFlagUntilTimeout)
    i.USART1_IRQHandler                      0x0800d0f4   Section        0  stm32f1xx_it.o(i.USART1_IRQHandler)
    i.UsageFault_Handler                     0x0800d100   Section        0  stm32f1xx_it.o(i.UsageFault_Handler)
    i.__0printf$6                            0x0800d104   Section        0  printf6.o(i.__0printf$6)
    i.__0sprintf$6                           0x0800d124   Section        0  printf6.o(i.__0sprintf$6)
    i.__NVIC_SetPriority                     0x0800d14c   Section        0  stm32f1xx_hal_cortex.o(i.__NVIC_SetPriority)
    __NVIC_SetPriority                       0x0800d14d   Thumb Code    32  stm32f1xx_hal_cortex.o(i.__NVIC_SetPriority)
    i.__aeabi_errno_addr                     0x0800d16c   Section        0  errno.o(i.__aeabi_errno_addr)
    i.__scatterload_copy                     0x0800d174   Section       14  handlers.o(i.__scatterload_copy)
    i.__scatterload_null                     0x0800d182   Section        2  handlers.o(i.__scatterload_null)
    i.__scatterload_zeroinit                 0x0800d184   Section       14  handlers.o(i.__scatterload_zeroinit)
    i._printf_core                           0x0800d194   Section        0  printf6.o(i._printf_core)
    _printf_core                             0x0800d195   Thumb Code   748  printf6.o(i._printf_core)
    i._printf_post_padding                   0x0800d484   Section        0  printf6.o(i._printf_post_padding)
    _printf_post_padding                     0x0800d485   Thumb Code    36  printf6.o(i._printf_post_padding)
    i._printf_pre_padding                    0x0800d4a8   Section        0  printf6.o(i._printf_pre_padding)
    _printf_pre_padding                      0x0800d4a9   Thumb Code    46  printf6.o(i._printf_pre_padding)
    i._sputc                                 0x0800d4d6   Section        0  printf6.o(i._sputc)
    _sputc                                   0x0800d4d7   Thumb Code    10  printf6.o(i._sputc)
    i.alarm_stop                             0x0800d4e0   Section        0  tim.o(i.alarm_stop)
    i.alarm_timeup                           0x0800d4f0   Section        0  tim.o(i.alarm_timeup)
    i.fputc                                  0x0800d510   Section        0  main.o(i.fputc)
    i.main                                   0x0800d528   Section        0  main.o(i.main)
    .constdata                               0x0800d734   Section       18  stm32f1xx_hal_rcc.o(.constdata)
    aPredivFactorTable                       0x0800d734   Data           2  stm32f1xx_hal_rcc.o(.constdata)
    aPLLMULFactorTable                       0x0800d736   Data          16  stm32f1xx_hal_rcc.o(.constdata)
    .constdata                               0x0800d746   Section       16  system_stm32f1xx.o(.constdata)
    .constdata                               0x0800d756   Section        8  system_stm32f1xx.o(.constdata)
    .constdata                               0x0800d75e   Section     7486  bsp_ili9341_lcd.o(.constdata)
    .constdata                               0x0800f49c   Section      129  ctype_o.o(.constdata)
    .constdata                               0x0800f520   Section        4  ctype_o.o(.constdata)
    table                                    0x0800f520   Data           4  ctype_o.o(.constdata)
    .data                                    0x20000000   Section       14  main.o(.data)
    char1                                    0x20000006   Data           8  main.o(.data)
    .data                                    0x2000000e   Section        1  usart.o(.data)
    .data                                    0x2000000f   Section        1  usart.o(.data)
    .data                                    0x20000010   Section        1  usart.o(.data)
    .data                                    0x20000011   Section        1  usart.o(.data)
    .data                                    0x20000012   Section        1  usart.o(.data)
    .data                                    0x20000014   Section        8  stm32f1xx_it.o(.data)
    .data                                    0x2000001c   Section       12  stm32f1xx_hal.o(.data)
    .data                                    0x20000028   Section        4  system_stm32f1xx.o(.data)
    .data                                    0x2000002c   Section        8  bsp_ili9341_lcd.o(.data)
    .data                                    0x20000034   Section        4  stdout.o(.data)
    .data                                    0x20000038   Section        4  errno.o(.data)
    _errno                                   0x20000038   Data           4  errno.o(.data)
    .bss                                     0x2000003c   Section      180  main.o(.bss)
    .bss                                     0x200000f0   Section      144  tim.o(.bss)
    .bss                                     0x20000180   Section      140  usart.o(.bss)
    STACK                                    0x20000210   Section     4096  startup_stm32f103xe.o(STACK)

    Global Symbols

    Symbol Name                              Value     Ov Type        Size  Object(Section)

    BuildAttributes$$THM_ISAv4$P$D$K$B$S$PE$A:L22UL41UL21$X:L11$S22US41US21$IEEE1$IW$USESV6$~STKCKD$USESV7$~SHL$OSPACE$ROPI$EBA8$MICROLIB$REQ8$PRES8$EABIv2 0x00000000   Number         0  anon$$obj.o ABSOLUTE
    __ARM_use_no_argv                        0x00000000   Number         0  main.o ABSOLUTE
    _printf_a                                0x00000000   Number         0  stubs.o ABSOLUTE
    _printf_c                                0x00000000   Number         0  stubs.o ABSOLUTE
    _printf_charcount                        0x00000000   Number         0  stubs.o ABSOLUTE
    _printf_d                                0x00000000   Number         0  stubs.o ABSOLUTE
    _printf_e                                0x00000000   Number         0  stubs.o ABSOLUTE
    _printf_f                                0x00000000   Number         0  stubs.o ABSOLUTE
    _printf_flags                            0x00000000   Number         0  stubs.o ABSOLUTE
    _printf_fp_dec                           0x00000000   Number         0  stubs.o ABSOLUTE
    _printf_fp_hex                           0x00000000   Number         0  stubs.o ABSOLUTE
    _printf_g                                0x00000000   Number         0  stubs.o ABSOLUTE
    _printf_i                                0x00000000   Number         0  stubs.o ABSOLUTE
    _printf_int_dec                          0x00000000   Number         0  stubs.o ABSOLUTE
    _printf_l                                0x00000000   Number         0  stubs.o ABSOLUTE
    _printf_lc                               0x00000000   Number         0  stubs.o ABSOLUTE
    _printf_ll                               0x00000000   Number         0  stubs.o ABSOLUTE
    _printf_lld                              0x00000000   Number         0  stubs.o ABSOLUTE
    _printf_lli                              0x00000000   Number         0  stubs.o ABSOLUTE
    _printf_llo                              0x00000000   Number         0  stubs.o ABSOLUTE
    _printf_llu                              0x00000000   Number         0  stubs.o ABSOLUTE
    _printf_llx                              0x00000000   Number         0  stubs.o ABSOLUTE
    _printf_longlong_dec                     0x00000000   Number         0  stubs.o ABSOLUTE
    _printf_longlong_hex                     0x00000000   Number         0  stubs.o ABSOLUTE
    _printf_longlong_oct                     0x00000000   Number         0  stubs.o ABSOLUTE
    _printf_ls                               0x00000000   Number         0  stubs.o ABSOLUTE
    _printf_mbtowc                           0x00000000   Number         0  stubs.o ABSOLUTE
    _printf_n                                0x00000000   Number         0  stubs.o ABSOLUTE
    _printf_o                                0x00000000   Number         0  stubs.o ABSOLUTE
    _printf_p                                0x00000000   Number         0  stubs.o ABSOLUTE
    _printf_percent                          0x00000000   Number         0  stubs.o ABSOLUTE
    _printf_pre_padding                      0x00000000   Number         0  stubs.o ABSOLUTE
    _printf_return_value                     0x00000000   Number         0  stubs.o ABSOLUTE
    _printf_s                                0x00000000   Number         0  stubs.o ABSOLUTE
    _printf_sizespec                         0x00000000   Number         0  stubs.o ABSOLUTE
    _printf_str                              0x00000000   Number         0  stubs.o ABSOLUTE
    _printf_truncate_signed                  0x00000000   Number         0  stubs.o ABSOLUTE
    _printf_truncate_unsigned                0x00000000   Number         0  stubs.o ABSOLUTE
    _printf_u                                0x00000000   Number         0  stubs.o ABSOLUTE
    _printf_wc                               0x00000000   Number         0  stubs.o ABSOLUTE
    _printf_wctomb                           0x00000000   Number         0  stubs.o ABSOLUTE
    _printf_widthprec                        0x00000000   Number         0  stubs.o ABSOLUTE
    _printf_x                                0x00000000   Number         0  stubs.o ABSOLUTE
    __cpp_initialize__aeabi_                  - Undefined Weak Reference
    __cxa_finalize                            - Undefined Weak Reference
    __decompress                              - Undefined Weak Reference
    _clock_init                               - Undefined Weak Reference
    _microlib_exit                            - Undefined Weak Reference
    __Vectors_Size                           0x00000130   Number         0  startup_stm32f103xe.o ABSOLUTE
    __Vectors                                0x08000000   Data           4  startup_stm32f103xe.o(RESET)
    __Vectors_End                            0x08000130   Data           0  startup_stm32f103xe.o(RESET)
    __main                                   0x08000131   Thumb Code     0  entry.o(.ARM.Collect$$$$00000000)
    _main_stk                                0x08000131   Thumb Code     0  entry2.o(.ARM.Collect$$$$00000001)
    _main_scatterload                        0x08000135   Thumb Code     0  entry5.o(.ARM.Collect$$$$00000004)
    __main_after_scatterload                 0x08000139   Thumb Code     0  entry5.o(.ARM.Collect$$$$00000004)
    _main_clock                              0x08000139   Thumb Code     0  entry7b.o(.ARM.Collect$$$$00000008)
    _main_cpp_init                           0x08000139   Thumb Code     0  entry8b.o(.ARM.Collect$$$$0000000A)
    _main_init                               0x08000139   Thumb Code     0  entry9a.o(.ARM.Collect$$$$0000000B)
    __rt_final_cpp                           0x08000141   Thumb Code     0  entry10a.o(.ARM.Collect$$$$0000000D)
    __rt_final_exit                          0x08000141   Thumb Code     0  entry11a.o(.ARM.Collect$$$$0000000F)
    Reset_Handler                            0x08000145   Thumb Code     8  startup_stm32f103xe.o(.text)
    ADC1_2_IRQHandler                        0x0800015f   Thumb Code     0  startup_stm32f103xe.o(.text)
    ADC3_IRQHandler                          0x0800015f   Thumb Code     0  startup_stm32f103xe.o(.text)
    CAN1_RX1_IRQHandler                      0x0800015f   Thumb Code     0  startup_stm32f103xe.o(.text)
    CAN1_SCE_IRQHandler                      0x0800015f   Thumb Code     0  startup_stm32f103xe.o(.text)
    DMA1_Channel1_IRQHandler                 0x0800015f   Thumb Code     0  startup_stm32f103xe.o(.text)
    DMA1_Channel2_IRQHandler                 0x0800015f   Thumb Code     0  startup_stm32f103xe.o(.text)
    DMA1_Channel3_IRQHandler                 0x0800015f   Thumb Code     0  startup_stm32f103xe.o(.text)
    DMA1_Channel4_IRQHandler                 0x0800015f   Thumb Code     0  startup_stm32f103xe.o(.text)
    DMA1_Channel6_IRQHandler                 0x0800015f   Thumb Code     0  startup_stm32f103xe.o(.text)
    DMA1_Channel7_IRQHandler                 0x0800015f   Thumb Code     0  startup_stm32f103xe.o(.text)
    DMA2_Channel1_IRQHandler                 0x0800015f   Thumb Code     0  startup_stm32f103xe.o(.text)
    DMA2_Channel2_IRQHandler                 0x0800015f   Thumb Code     0  startup_stm32f103xe.o(.text)
    DMA2_Channel3_IRQHandler                 0x0800015f   Thumb Code     0  startup_stm32f103xe.o(.text)
    DMA2_Channel4_5_IRQHandler               0x0800015f   Thumb Code     0  startup_stm32f103xe.o(.text)
    EXTI15_10_IRQHandler                     0x0800015f   Thumb Code     0  startup_stm32f103xe.o(.text)
    EXTI4_IRQHandler                         0x0800015f   Thumb Code     0  startup_stm32f103xe.o(.text)
    EXTI9_5_IRQHandler                       0x0800015f   Thumb Code     0  startup_stm32f103xe.o(.text)
    FLASH_IRQHandler                         0x0800015f   Thumb Code     0  startup_stm32f103xe.o(.text)
    FSMC_IRQHandler                          0x0800015f   Thumb Code     0  startup_stm32f103xe.o(.text)
    I2C1_ER_IRQHandler                       0x0800015f   Thumb Code     0  startup_stm32f103xe.o(.text)
    I2C1_EV_IRQHandler                       0x0800015f   Thumb Code     0  startup_stm32f103xe.o(.text)
    I2C2_ER_IRQHandler                       0x0800015f   Thumb Code     0  startup_stm32f103xe.o(.text)
    I2C2_EV_IRQHandler                       0x0800015f   Thumb Code     0  startup_stm32f103xe.o(.text)
    PVD_IRQHandler                           0x0800015f   Thumb Code     0  startup_stm32f103xe.o(.text)
    RCC_IRQHandler                           0x0800015f   Thumb Code     0  startup_stm32f103xe.o(.text)
    RTC_Alarm_IRQHandler                     0x0800015f   Thumb Code     0  startup_stm32f103xe.o(.text)
    RTC_IRQHandler                           0x0800015f   Thumb Code     0  startup_stm32f103xe.o(.text)
    SDIO_IRQHandler                          0x0800015f   Thumb Code     0  startup_stm32f103xe.o(.text)
    SPI1_IRQHandler                          0x0800015f   Thumb Code     0  startup_stm32f103xe.o(.text)
    SPI2_IRQHandler                          0x0800015f   Thumb Code     0  startup_stm32f103xe.o(.text)
    SPI3_IRQHandler                          0x0800015f   Thumb Code     0  startup_stm32f103xe.o(.text)
    TAMPER_IRQHandler                        0x0800015f   Thumb Code     0  startup_stm32f103xe.o(.text)
    TIM1_BRK_IRQHandler                      0x0800015f   Thumb Code     0  startup_stm32f103xe.o(.text)
    TIM1_CC_IRQHandler                       0x0800015f   Thumb Code     0  startup_stm32f103xe.o(.text)
    TIM1_TRG_COM_IRQHandler                  0x0800015f   Thumb Code     0  startup_stm32f103xe.o(.text)
    TIM1_UP_IRQHandler                       0x0800015f   Thumb Code     0  startup_stm32f103xe.o(.text)
    TIM2_IRQHandler                          0x0800015f   Thumb Code     0  startup_stm32f103xe.o(.text)
    TIM4_IRQHandler                          0x0800015f   Thumb Code     0  startup_stm32f103xe.o(.text)
    TIM5_IRQHandler                          0x0800015f   Thumb Code     0  startup_stm32f103xe.o(.text)
    TIM7_IRQHandler                          0x0800015f   Thumb Code     0  startup_stm32f103xe.o(.text)
    TIM8_BRK_IRQHandler                      0x0800015f   Thumb Code     0  startup_stm32f103xe.o(.text)
    TIM8_CC_IRQHandler                       0x0800015f   Thumb Code     0  startup_stm32f103xe.o(.text)
    TIM8_TRG_COM_IRQHandler                  0x0800015f   Thumb Code     0  startup_stm32f103xe.o(.text)
    TIM8_UP_IRQHandler                       0x0800015f   Thumb Code     0  startup_stm32f103xe.o(.text)
    UART4_IRQHandler                         0x0800015f   Thumb Code     0  startup_stm32f103xe.o(.text)
    UART5_IRQHandler                         0x0800015f   Thumb Code     0  startup_stm32f103xe.o(.text)
    USART2_IRQHandler                        0x0800015f   Thumb Code     0  startup_stm32f103xe.o(.text)
    USART3_IRQHandler                        0x0800015f   Thumb Code     0  startup_stm32f103xe.o(.text)
    USBWakeUp_IRQHandler                     0x0800015f   Thumb Code     0  startup_stm32f103xe.o(.text)
    USB_HP_CAN1_TX_IRQHandler                0x0800015f   Thumb Code     0  startup_stm32f103xe.o(.text)
    USB_LP_CAN1_RX0_IRQHandler               0x0800015f   Thumb Code     0  startup_stm32f103xe.o(.text)
    WWDG_IRQHandler                          0x0800015f   Thumb Code     0  startup_stm32f103xe.o(.text)
    __aeabi_memset                           0x08000169   Thumb Code    14  memseta.o(.text)
    __aeabi_memset4                          0x08000169   Thumb Code     0  memseta.o(.text)
    __aeabi_memset8                          0x08000169   Thumb Code     0  memseta.o(.text)
    __aeabi_memclr                           0x08000177   Thumb Code     4  memseta.o(.text)
    __aeabi_memclr4                          0x08000177   Thumb Code     0  memseta.o(.text)
    __aeabi_memclr8                          0x08000177   Thumb Code     0  memseta.o(.text)
    _memset$wrapper                          0x0800017b   Thumb Code    18  memseta.o(.text)
    strncpy                                  0x0800018d   Thumb Code    24  strncpy.o(.text)
    memcmp                                   0x080001a5   Thumb Code    26  memcmp.o(.text)
    atoi                                     0x080001bf   Thumb Code    26  atoi.o(.text)
    __aeabi_uidiv                            0x080001d9   Thumb Code     0  uidiv.o(.text)
    __aeabi_uidivmod                         0x080001d9   Thumb Code    44  uidiv.o(.text)
    strtol                                   0x08000205   Thumb Code   112  strtol.o(.text)
    __scatterload                            0x08000275   Thumb Code    28  init.o(.text)
    __scatterload_rt2                        0x08000275   Thumb Code     0  init.o(.text)
    __rt_ctype_table                         0x08000299   Thumb Code     4  ctype_o.o(.text)
    _strtoul                                 0x080002a1   Thumb Code   158  _strtoul.o(.text)
    _chval                                   0x0800033f   Thumb Code    28  _chval.o(.text)
    BusFault_Handler                         0x0800035b   Thumb Code     2  stm32f1xx_it.o(i.BusFault_Handler)
    DMA1_Channel5_IRQHandler                 0x0800035d   Thumb Code     6  stm32f1xx_it.o(i.DMA1_Channel5_IRQHandler)
    DebugMon_Handler                         0x08000393   Thumb Code     2  stm32f1xx_it.o(i.DebugMon_Handler)
    Draw_Circle                              0x08000395   Thumb Code   206  bsp_ili9341_lcd.o(i.Draw_Circle)
    EXTI0_IRQHandler                         0x08000465   Thumb Code    16  stm32f1xx_it.o(i.EXTI0_IRQHandler)
    EXTI1_IRQHandler                         0x08000479   Thumb Code    16  stm32f1xx_it.o(i.EXTI1_IRQHandler)
    EXTI2_IRQHandler                         0x0800048d   Thumb Code    16  stm32f1xx_it.o(i.EXTI2_IRQHandler)
    EXTI3_IRQHandler                         0x080004a1   Thumb Code    16  stm32f1xx_it.o(i.EXTI3_IRQHandler)
    Error_Handler                            0x080004b5   Thumb Code     4  main.o(i.Error_Handler)
    Fake_clock                               0x080004b9   Thumb Code    48  main.o(i.Fake_clock)
    HAL_DMA_Abort                            0x080004f1   Thumb Code    70  stm32f1xx_hal_dma.o(i.HAL_DMA_Abort)
    HAL_DMA_Abort_IT                         0x08000539   Thumb Code   296  stm32f1xx_hal_dma.o(i.HAL_DMA_Abort_IT)
    HAL_DMA_IRQHandler                       0x08000669   Thumb Code   552  stm32f1xx_hal_dma.o(i.HAL_DMA_IRQHandler)
    HAL_DMA_Init                             0x080008b1   Thumb Code   112  stm32f1xx_hal_dma.o(i.HAL_DMA_Init)
    HAL_DMA_Start_IT                         0x0800092d   Thumb Code   112  stm32f1xx_hal_dma.o(i.HAL_DMA_Start_IT)
    HAL_Delay                                0x0800099d   Thumb Code    32  stm32f1xx_hal.o(i.HAL_Delay)
    HAL_Delay_s                              0x080009c1   Thumb Code    54  tim.o(i.HAL_Delay_s)
    HAL_GPIO_EXTI_Callback                   0x080009fd   Thumb Code     2  stm32f1xx_hal_gpio.o(i.HAL_GPIO_EXTI_Callback)
    HAL_GPIO_EXTI_IRQHandler                 0x08000a01   Thumb Code    18  stm32f1xx_hal_gpio.o(i.HAL_GPIO_EXTI_IRQHandler)
    HAL_GPIO_Init                            0x08000a19   Thumb Code   462  stm32f1xx_hal_gpio.o(i.HAL_GPIO_Init)
    HAL_GPIO_WritePin                        0x08000c11   Thumb Code    10  stm32f1xx_hal_gpio.o(i.HAL_GPIO_WritePin)
    HAL_GetTick                              0x08000c1d   Thumb Code     6  stm32f1xx_hal.o(i.HAL_GetTick)
    HAL_IncTick                              0x08000c29   Thumb Code    12  stm32f1xx_hal.o(i.HAL_IncTick)
    HAL_Init                                 0x08000c39   Thumb Code    32  stm32f1xx_hal.o(i.HAL_Init)
    HAL_InitTick                             0x08000c5d   Thumb Code    54  stm32f1xx_hal.o(i.HAL_InitTick)
    HAL_MspInit                              0x08000c9d   Thumb Code    52  stm32f1xx_hal_msp.o(i.HAL_MspInit)
    HAL_NVIC_EnableIRQ                       0x08000cd9   Thumb Code    26  stm32f1xx_hal_cortex.o(i.HAL_NVIC_EnableIRQ)
    HAL_NVIC_SetPriority                     0x08000cf5   Thumb Code    60  stm32f1xx_hal_cortex.o(i.HAL_NVIC_SetPriority)
    HAL_NVIC_SetPriorityGrouping             0x08000d35   Thumb Code    26  stm32f1xx_hal_cortex.o(i.HAL_NVIC_SetPriorityGrouping)
    HAL_RCC_CSSCallback                      0x08000d59   Thumb Code     2  stm32f1xx_hal_rcc.o(i.HAL_RCC_CSSCallback)
    HAL_RCC_ClockConfig                      0x08000d5d   Thumb Code   280  stm32f1xx_hal_rcc.o(i.HAL_RCC_ClockConfig)
    HAL_RCC_EnableCSS                        0x08000e89   Thumb Code     8  stm32f1xx_hal_rcc.o(i.HAL_RCC_EnableCSS)
    HAL_RCC_GetPCLK1Freq                     0x08000e95   Thumb Code    20  stm32f1xx_hal_rcc.o(i.HAL_RCC_GetPCLK1Freq)
    HAL_RCC_GetPCLK2Freq                     0x08000eb5   Thumb Code    20  stm32f1xx_hal_rcc.o(i.HAL_RCC_GetPCLK2Freq)
    HAL_RCC_GetSysClockFreq                  0x08000ed5   Thumb Code    58  stm32f1xx_hal_rcc.o(i.HAL_RCC_GetSysClockFreq)
    HAL_RCC_NMI_IRQHandler                   0x08000f21   Thumb Code    20  stm32f1xx_hal_rcc.o(i.HAL_RCC_NMI_IRQHandler)
    HAL_RCC_OscConfig                        0x08000f39   Thumb Code   778  stm32f1xx_hal_rcc.o(i.HAL_RCC_OscConfig)
    HAL_SYSTICK_Config                       0x08001259   Thumb Code    40  stm32f1xx_hal_cortex.o(i.HAL_SYSTICK_Config)
    HAL_TIMEx_BreakCallback                  0x08001281   Thumb Code     2  stm32f1xx_hal_tim_ex.o(i.HAL_TIMEx_BreakCallback)
    HAL_TIMEx_CommutCallback                 0x08001283   Thumb Code     2  stm32f1xx_hal_tim_ex.o(i.HAL_TIMEx_CommutCallback)
    HAL_TIMEx_MasterConfigSynchronization    0x08001285   Thumb Code   104  stm32f1xx_hal_tim_ex.o(i.HAL_TIMEx_MasterConfigSynchronization)
    HAL_TIM_Base_Init                        0x08001301   Thumb Code    90  stm32f1xx_hal_tim.o(i.HAL_TIM_Base_Init)
    HAL_TIM_Base_MspInit                     0x0800135d   Thumb Code    86  tim.o(i.HAL_TIM_Base_MspInit)
    HAL_TIM_Base_Start_IT                    0x080013c1   Thumb Code    88  stm32f1xx_hal_tim.o(i.HAL_TIM_Base_Start_IT)
    HAL_TIM_ConfigClockSource                0x0800142d   Thumb Code   220  stm32f1xx_hal_tim.o(i.HAL_TIM_ConfigClockSource)
    HAL_TIM_IC_CaptureCallback               0x08001509   Thumb Code     2  stm32f1xx_hal_tim.o(i.HAL_TIM_IC_CaptureCallback)
    HAL_TIM_IRQHandler                       0x0800150b   Thumb Code   358  stm32f1xx_hal_tim.o(i.HAL_TIM_IRQHandler)
    HAL_TIM_MspPostInit                      0x08001671   Thumb Code    80  tim.o(i.HAL_TIM_MspPostInit)
    HAL_TIM_OC_DelayElapsedCallback          0x080016d1   Thumb Code     2  stm32f1xx_hal_tim.o(i.HAL_TIM_OC_DelayElapsedCallback)
    HAL_TIM_PWM_ConfigChannel                0x080016d3   Thumb Code   204  stm32f1xx_hal_tim.o(i.HAL_TIM_PWM_ConfigChannel)
    HAL_TIM_PWM_Init                         0x0800179f   Thumb Code    90  stm32f1xx_hal_tim.o(i.HAL_TIM_PWM_Init)
    HAL_TIM_PWM_MspInit                      0x080017f9   Thumb Code     2  stm32f1xx_hal_tim.o(i.HAL_TIM_PWM_MspInit)
    HAL_TIM_PWM_PulseFinishedCallback        0x080017fb   Thumb Code     2  stm32f1xx_hal_tim.o(i.HAL_TIM_PWM_PulseFinishedCallback)
    HAL_TIM_PWM_Start                        0x080017fd   Thumb Code   160  stm32f1xx_hal_tim.o(i.HAL_TIM_PWM_Start)
    HAL_TIM_PeriodElapsedCallback            0x080018b1   Thumb Code     2  stm32f1xx_hal_tim.o(i.HAL_TIM_PeriodElapsedCallback)
    HAL_TIM_TriggerCallback                  0x080018b3   Thumb Code     2  stm32f1xx_hal_tim.o(i.HAL_TIM_TriggerCallback)
    HAL_UARTEx_ReceiveToIdle_DMA             0x080018b5   Thumb Code    78  stm32f1xx_hal_uart.o(i.HAL_UARTEx_ReceiveToIdle_DMA)
    HAL_UARTEx_RxEventCallback               0x08001905   Thumb Code   310  main.o(i.HAL_UARTEx_RxEventCallback)
    HAL_UART_ErrorCallback                   0x08001ad9   Thumb Code    34  main.o(i.HAL_UART_ErrorCallback)
    HAL_UART_IRQHandler                      0x08001b09   Thumb Code   616  stm32f1xx_hal_uart.o(i.HAL_UART_IRQHandler)
    HAL_UART_Init                            0x08001d75   Thumb Code   100  stm32f1xx_hal_uart.o(i.HAL_UART_Init)
    HAL_UART_MspInit                         0x08001dd9   Thumb Code   154  usart.o(i.HAL_UART_MspInit)
    HAL_UART_RxCpltCallback                  0x08001e89   Thumb Code     2  stm32f1xx_hal_uart.o(i.HAL_UART_RxCpltCallback)
    HAL_UART_RxHalfCpltCallback              0x08001e8b   Thumb Code     2  stm32f1xx_hal_uart.o(i.HAL_UART_RxHalfCpltCallback)
    HAL_UART_Transmit                        0x08001e8d   Thumb Code   154  stm32f1xx_hal_uart.o(i.HAL_UART_Transmit)
    HAL_UART_TxCpltCallback                  0x08001f27   Thumb Code     2  stm32f1xx_hal_uart.o(i.HAL_UART_TxCpltCallback)
    HardFault_Handler                        0x08001f29   Thumb Code     2  stm32f1xx_it.o(i.HardFault_Handler)
    LCD_Clear                                0x08001f2b   Thumb Code    20  bsp_ili9341_lcd.o(i.LCD_Clear)
    LCD_DrawPoint                            0x08001f41   Thumb Code   766  bsp_ili9341_lcd.o(i.LCD_DrawPoint)
    LCD_Draw_Point                           0x08002249   Thumb Code    16  bsp_ili9341_lcd.o(i.LCD_Draw_Point)
    LCD_Fill                                 0x0800225d   Thumb Code   780  bsp_ili9341_lcd.o(i.LCD_Fill)
    LCD_Init                                 0x0800256d   Thumb Code 33994  bsp_ili9341_lcd.o(i.LCD_Init)
    LCD_RESET                                0x0800aa39   Thumb Code    58  bsp_ili9341_lcd.o(i.LCD_RESET)
    LCD_SetCursor                            0x0800aa79   Thumb Code  5602  bsp_ili9341_lcd.o(i.LCD_SetCursor)
    LCD_ShowChar                             0x0800c061   Thumb Code   234  bsp_ili9341_lcd.o(i.LCD_ShowChar)
    LCD_ShowString                           0x0800c159   Thumb Code    76  bsp_ili9341_lcd.o(i.LCD_ShowString)
    LCD_WR_REG                               0x0800c1a5   Thumb Code   646  bsp_ili9341_lcd.o(i.LCD_WR_REG)
    LCD_WriteReg                             0x0800c431   Thumb Code   730  bsp_ili9341_lcd.o(i.LCD_WriteReg)
    MX_DMA_Init                              0x0800c711   Thumb Code    40  dma.o(i.MX_DMA_Init)
    MX_GPIO_Init                             0x0800c73d   Thumb Code   216  gpio.o(i.MX_GPIO_Init)
    MX_TIM3_Init                             0x0800c825   Thumb Code   168  tim.o(i.MX_TIM3_Init)
    MX_TIM6_Init                             0x0800c8d5   Thumb Code    80  tim.o(i.MX_TIM6_Init)
    MX_USART1_UART_Init                      0x0800c92d   Thumb Code    48  usart.o(i.MX_USART1_UART_Init)
    MemManage_Handler                        0x0800c965   Thumb Code     2  stm32f1xx_it.o(i.MemManage_Handler)
    NMI_Handler                              0x0800c967   Thumb Code     6  stm32f1xx_it.o(i.NMI_Handler)
    PendSV_Handler                           0x0800c96d   Thumb Code     2  stm32f1xx_it.o(i.PendSV_Handler)
    SVC_Handler                              0x0800c96f   Thumb Code     2  stm32f1xx_it.o(i.SVC_Handler)
    SysTick_Handler                          0x0800c971   Thumb Code     4  stm32f1xx_it.o(i.SysTick_Handler)
    SystemClock_Config                       0x0800c975   Thumb Code    96  main.o(i.SystemClock_Config)
    SystemInit                               0x0800c9d5   Thumb Code     2  system_stm32f1xx.o(i.SystemInit)
    TIM3_IRQHandler                          0x0800c9d9   Thumb Code    24  stm32f1xx_it.o(i.TIM3_IRQHandler)
    TIM6_IRQHandler                          0x0800c9f9   Thumb Code     6  stm32f1xx_it.o(i.TIM6_IRQHandler)
    TIM_Base_SetConfig                       0x0800ca05   Thumb Code   120  stm32f1xx_hal_tim.o(i.TIM_Base_SetConfig)
    TIM_CCxChannelCmd                        0x0800ca91   Thumb Code    26  stm32f1xx_hal_tim.o(i.TIM_CCxChannelCmd)
    TIM_ETR_SetConfig                        0x0800caab   Thumb Code    20  stm32f1xx_hal_tim.o(i.TIM_ETR_SetConfig)
    TIM_OC2_SetConfig                        0x0800cb31   Thumb Code    98  stm32f1xx_hal_tim.o(i.TIM_OC2_SetConfig)
    Test_Show_CH_Font16                      0x0800cc9d   Thumb Code    98  bsp_ili9341_lcd.o(i.Test_Show_CH_Font16)
    UART_Start_Receive_DMA                   0x0800cfed   Thumb Code   130  stm32f1xx_hal_uart.o(i.UART_Start_Receive_DMA)
    USART1_IRQHandler                        0x0800d0f5   Thumb Code     6  stm32f1xx_it.o(i.USART1_IRQHandler)
    UsageFault_Handler                       0x0800d101   Thumb Code     2  stm32f1xx_it.o(i.UsageFault_Handler)
    __0printf$6                              0x0800d105   Thumb Code    22  printf6.o(i.__0printf$6)
    __1printf$6                              0x0800d105   Thumb Code     0  printf6.o(i.__0printf$6)
    __2printf                                0x0800d105   Thumb Code     0  printf6.o(i.__0printf$6)
    __0sprintf$6                             0x0800d125   Thumb Code    34  printf6.o(i.__0sprintf$6)
    __1sprintf$6                             0x0800d125   Thumb Code     0  printf6.o(i.__0sprintf$6)
    __2sprintf                               0x0800d125   Thumb Code     0  printf6.o(i.__0sprintf$6)
    __aeabi_errno_addr                       0x0800d16d   Thumb Code     4  errno.o(i.__aeabi_errno_addr)
    __rt_errno_addr                          0x0800d16d   Thumb Code     0  errno.o(i.__aeabi_errno_addr)
    __scatterload_copy                       0x0800d175   Thumb Code    14  handlers.o(i.__scatterload_copy)
    __scatterload_null                       0x0800d183   Thumb Code     2  handlers.o(i.__scatterload_null)
    __scatterload_zeroinit                   0x0800d185   Thumb Code    14  handlers.o(i.__scatterload_zeroinit)
    alarm_stop                               0x0800d4e1   Thumb Code    10  tim.o(i.alarm_stop)
    alarm_timeup                             0x0800d4f1   Thumb Code    28  tim.o(i.alarm_timeup)
    fputc                                    0x0800d511   Thumb Code    20  main.o(i.fputc)
    main                                     0x0800d529   Thumb Code   356  main.o(i.main)
    AHBPrescTable                            0x0800d746   Data          16  system_stm32f1xx.o(.constdata)
    APBPrescTable                            0x0800d756   Data           8  system_stm32f1xx.o(.constdata)
    asc2_1024                                0x0800d75e   Data        4560  bsp_ili9341_lcd.o(.constdata)
    asc2_1608                                0x0800e92e   Data        1710  bsp_ili9341_lcd.o(.constdata)
    tfont16                                  0x0800efdc   Data         352  bsp_ili9341_lcd.o(.constdata)
    tfont24                                  0x0800f13c   Data         864  bsp_ili9341_lcd.o(.constdata)
    __ctype_table                            0x0800f49c   Data         129  ctype_o.o(.constdata)
    Region$$Table$$Base                      0x0800f524   Number         0  anon$$obj.o(Region$$Table)
    Region$$Table$$Limit                     0x0800f544   Number         0  anon$$obj.o(Region$$Table)
    hour                                     0x20000000   Data           1  main.o(.data)
    min                                      0x20000001   Data           1  main.o(.data)
    hour_set                                 0x20000002   Data           1  main.o(.data)
    min_set                                  0x20000003   Data           1  main.o(.data)
    temp                                     0x20000004   Data           1  main.o(.data)
    busy                                     0x20000005   Data           1  main.o(.data)
    HAL_DEBUG                                0x2000000e   Data           1  usart.o(.data)
    hour_adjust_flag                         0x2000000f   Data           1  usart.o(.data)
    min_adjust_flag                          0x20000010   Data           1  usart.o(.data)
    alarm_adjust_flag                        0x20000011   Data           1  usart.o(.data)
    alarmed_flag                             0x20000012   Data           1  usart.o(.data)
    KEY_FALG                                 0x20000014   Data           1  stm32f1xx_it.o(.data)
    TimerCnt                                 0x20000018   Data           4  stm32f1xx_it.o(.data)
    uwTickFreq                               0x2000001c   Data           1  stm32f1xx_hal.o(.data)
    uwTickPrio                               0x20000020   Data           4  stm32f1xx_hal.o(.data)
    uwTick                                   0x20000024   Data           4  stm32f1xx_hal.o(.data)
    SystemCoreClock                          0x20000028   Data           4  system_stm32f1xx.o(.data)
    POINT_COLOR                              0x2000002c   Data           2  bsp_ili9341_lcd.o(.data)
    BACK_COLOR                               0x2000002e   Data           2  bsp_ili9341_lcd.o(.data)
    LCD_X_LENGTH                             0x20000030   Data           2  bsp_ili9341_lcd.o(.data)
    LCD_Y_LENGTH                             0x20000032   Data           2  bsp_ili9341_lcd.o(.data)
    __stdout                                 0x20000034   Data           4  stdout.o(.data)
    rx_buff                                  0x2000003c   Data         100  main.o(.bss)
    str                                      0x200000a0   Data          20  main.o(.bss)
    str2                                     0x200000b4   Data          20  main.o(.bss)
    str3                                     0x200000c8   Data          20  main.o(.bss)
    str4                                     0x200000dc   Data          20  main.o(.bss)
    htim3                                    0x200000f0   Data          72  tim.o(.bss)
    htim6                                    0x20000138   Data          72  tim.o(.bss)
    huart1                                   0x20000180   Data          72  usart.o(.bss)
    hdma_usart1_rx                           0x200001c8   Data          68  usart.o(.bss)
    __initial_sp                             0x20001210   Data           0  startup_stm32f103xe.o(STACK)



==============================================================================

Memory Map of the image

  Image Entry point : 0x08000131

  Load Region LR_IROM1 (Base: 0x08000000, Size: 0x0000f580, Max: 0x00040000, ABSOLUTE)

    Execution Region ER_IROM1 (Exec base: 0x08000000, Load base: 0x08000000, Size: 0x0000f544, Max: 0x00040000, ABSOLUTE)

    Exec Addr    Load Addr    Size         Type   Attr      Idx    E Section Name        Object

    0x08000000   0x08000000   0x00000130   Data   RO            3    RESET               startup_stm32f103xe.o
    0x08000130   0x08000130   0x00000000   Code   RO         3466  * .ARM.Collect$$$$00000000  mc_w.l(entry.o)
    0x08000130   0x08000130   0x00000004   Code   RO         3740    .ARM.Collect$$$$00000001  mc_w.l(entry2.o)
    0x08000134   0x08000134   0x00000004   Code   RO         3743    .ARM.Collect$$$$00000004  mc_w.l(entry5.o)
    0x08000138   0x08000138   0x00000000   Code   RO         3745    .ARM.Collect$$$$00000008  mc_w.l(entry7b.o)
    0x08000138   0x08000138   0x00000000   Code   RO         3747    .ARM.Collect$$$$0000000A  mc_w.l(entry8b.o)
    0x08000138   0x08000138   0x00000008   Code   RO         3748    .ARM.Collect$$$$0000000B  mc_w.l(entry9a.o)
    0x08000140   0x08000140   0x00000000   Code   RO         3750    .ARM.Collect$$$$0000000D  mc_w.l(entry10a.o)
    0x08000140   0x08000140   0x00000000   Code   RO         3752    .ARM.Collect$$$$0000000F  mc_w.l(entry11a.o)
    0x08000140   0x08000140   0x00000004   Code   RO         3741    .ARM.Collect$$$$00002712  mc_w.l(entry2.o)
    0x08000144   0x08000144   0x00000024   Code   RO            4    .text               startup_stm32f103xe.o
    0x08000168   0x08000168   0x00000024   Code   RO         3471    .text               mc_w.l(memseta.o)
    0x0800018c   0x0800018c   0x00000018   Code   RO         3473    .text               mc_w.l(strncpy.o)
    0x080001a4   0x080001a4   0x0000001a   Code   RO         3475    .text               mc_w.l(memcmp.o)
    0x080001be   0x080001be   0x0000001a   Code   RO         3738    .text               mc_w.l(atoi.o)
    0x080001d8   0x080001d8   0x0000002c   Code   RO         3755    .text               mc_w.l(uidiv.o)
    0x08000204   0x08000204   0x00000070   Code   RO         3766    .text               mc_w.l(strtol.o)
    0x08000274   0x08000274   0x00000024   Code   RO         3779    .text               mc_w.l(init.o)
    0x08000298   0x08000298   0x00000008   Code   RO         3785    .text               mc_w.l(ctype_o.o)
    0x080002a0   0x080002a0   0x0000009e   Code   RO         3813    .text               mc_w.l(_strtoul.o)
    0x0800033e   0x0800033e   0x0000001c   Code   RO         3817    .text               mc_w.l(_chval.o)
    0x0800035a   0x0800035a   0x00000002   Code   RO          751    i.BusFault_Handler  stm32f1xx_it.o
    0x0800035c   0x0800035c   0x0000000c   Code   RO          752    i.DMA1_Channel5_IRQHandler  stm32f1xx_it.o
    0x08000368   0x08000368   0x0000002a   Code   RO         2291    i.DMA_SetConfig     stm32f1xx_hal_dma.o
    0x08000392   0x08000392   0x00000002   Code   RO          753    i.DebugMon_Handler  stm32f1xx_it.o
    0x08000394   0x08000394   0x000000ce   Code   RO         3289    i.Draw_Circle       bsp_ili9341_lcd.o
    0x08000462   0x08000462   0x00000002   PAD
    0x08000464   0x08000464   0x00000014   Code   RO          754    i.EXTI0_IRQHandler  stm32f1xx_it.o
    0x08000478   0x08000478   0x00000014   Code   RO          755    i.EXTI1_IRQHandler  stm32f1xx_it.o
    0x0800048c   0x0800048c   0x00000014   Code   RO          756    i.EXTI2_IRQHandler  stm32f1xx_it.o
    0x080004a0   0x080004a0   0x00000014   Code   RO          757    i.EXTI3_IRQHandler  stm32f1xx_it.o
    0x080004b4   0x080004b4   0x00000004   Code   RO           13    i.Error_Handler     main.o
    0x080004b8   0x080004b8   0x00000038   Code   RO           14    i.Fake_clock        main.o
    0x080004f0   0x080004f0   0x00000046   Code   RO         2292    i.HAL_DMA_Abort     stm32f1xx_hal_dma.o
    0x08000536   0x08000536   0x00000002   PAD
    0x08000538   0x08000538   0x00000130   Code   RO         2293    i.HAL_DMA_Abort_IT  stm32f1xx_hal_dma.o
    0x08000668   0x08000668   0x00000248   Code   RO         2297    i.HAL_DMA_IRQHandler  stm32f1xx_hal_dma.o
    0x080008b0   0x080008b0   0x0000007c   Code   RO         2298    i.HAL_DMA_Init      stm32f1xx_hal_dma.o
    0x0800092c   0x0800092c   0x00000070   Code   RO         2302    i.HAL_DMA_Start_IT  stm32f1xx_hal_dma.o
    0x0800099c   0x0800099c   0x00000024   Code   RO         1918    i.HAL_Delay         stm32f1xx_hal.o
    0x080009c0   0x080009c0   0x0000003c   Code   RO          629    i.HAL_Delay_s       tim.o
    0x080009fc   0x080009fc   0x00000002   Code   RO         2226    i.HAL_GPIO_EXTI_Callback  stm32f1xx_hal_gpio.o
    0x080009fe   0x080009fe   0x00000002   PAD
    0x08000a00   0x08000a00   0x00000018   Code   RO         2227    i.HAL_GPIO_EXTI_IRQHandler  stm32f1xx_hal_gpio.o
    0x08000a18   0x08000a18   0x000001f8   Code   RO         2228    i.HAL_GPIO_Init     stm32f1xx_hal_gpio.o
    0x08000c10   0x08000c10   0x0000000a   Code   RO         2232    i.HAL_GPIO_WritePin  stm32f1xx_hal_gpio.o
    0x08000c1a   0x08000c1a   0x00000002   PAD
    0x08000c1c   0x08000c1c   0x0000000c   Code   RO         1922    i.HAL_GetTick       stm32f1xx_hal.o
    0x08000c28   0x08000c28   0x00000010   Code   RO         1928    i.HAL_IncTick       stm32f1xx_hal.o
    0x08000c38   0x08000c38   0x00000024   Code   RO         1929    i.HAL_Init          stm32f1xx_hal.o
    0x08000c5c   0x08000c5c   0x00000040   Code   RO         1930    i.HAL_InitTick      stm32f1xx_hal.o
    0x08000c9c   0x08000c9c   0x0000003c   Code   RO          878    i.HAL_MspInit       stm32f1xx_hal_msp.o
    0x08000cd8   0x08000cd8   0x0000001a   Code   RO         2388    i.HAL_NVIC_EnableIRQ  stm32f1xx_hal_cortex.o
    0x08000cf2   0x08000cf2   0x00000002   PAD
    0x08000cf4   0x08000cf4   0x00000040   Code   RO         2394    i.HAL_NVIC_SetPriority  stm32f1xx_hal_cortex.o
    0x08000d34   0x08000d34   0x00000024   Code   RO         2395    i.HAL_NVIC_SetPriorityGrouping  stm32f1xx_hal_cortex.o
    0x08000d58   0x08000d58   0x00000002   Code   RO         2085    i.HAL_RCC_CSSCallback  stm32f1xx_hal_rcc.o
    0x08000d5a   0x08000d5a   0x00000002   PAD
    0x08000d5c   0x08000d5c   0x0000012c   Code   RO         2086    i.HAL_RCC_ClockConfig  stm32f1xx_hal_rcc.o
    0x08000e88   0x08000e88   0x0000000c   Code   RO         2089    i.HAL_RCC_EnableCSS  stm32f1xx_hal_rcc.o
    0x08000e94   0x08000e94   0x00000020   Code   RO         2093    i.HAL_RCC_GetPCLK1Freq  stm32f1xx_hal_rcc.o
    0x08000eb4   0x08000eb4   0x00000020   Code   RO         2094    i.HAL_RCC_GetPCLK2Freq  stm32f1xx_hal_rcc.o
    0x08000ed4   0x08000ed4   0x0000004c   Code   RO         2095    i.HAL_RCC_GetSysClockFreq  stm32f1xx_hal_rcc.o
    0x08000f20   0x08000f20   0x00000018   Code   RO         2097    i.HAL_RCC_NMI_IRQHandler  stm32f1xx_hal_rcc.o
    0x08000f38   0x08000f38   0x00000320   Code   RO         2098    i.HAL_RCC_OscConfig  stm32f1xx_hal_rcc.o
    0x08001258   0x08001258   0x00000028   Code   RO         2399    i.HAL_SYSTICK_Config  stm32f1xx_hal_cortex.o
    0x08001280   0x08001280   0x00000002   Code   RO         1644    i.HAL_TIMEx_BreakCallback  stm32f1xx_hal_tim_ex.o
    0x08001282   0x08001282   0x00000002   Code   RO         1645    i.HAL_TIMEx_CommutCallback  stm32f1xx_hal_tim_ex.o
    0x08001284   0x08001284   0x0000007c   Code   RO         1663    i.HAL_TIMEx_MasterConfigSynchronization  stm32f1xx_hal_tim_ex.o
    0x08001300   0x08001300   0x0000005a   Code   RO          940    i.HAL_TIM_Base_Init  stm32f1xx_hal_tim.o
    0x0800135a   0x0800135a   0x00000002   PAD
    0x0800135c   0x0800135c   0x00000064   Code   RO          631    i.HAL_TIM_Base_MspInit  tim.o
    0x080013c0   0x080013c0   0x0000006c   Code   RO          945    i.HAL_TIM_Base_Start_IT  stm32f1xx_hal_tim.o
    0x0800142c   0x0800142c   0x000000dc   Code   RO          949    i.HAL_TIM_ConfigClockSource  stm32f1xx_hal_tim.o
    0x08001508   0x08001508   0x00000002   Code   RO          974    i.HAL_TIM_IC_CaptureCallback  stm32f1xx_hal_tim.o
    0x0800150a   0x0800150a   0x00000166   Code   RO          988    i.HAL_TIM_IRQHandler  stm32f1xx_hal_tim.o
    0x08001670   0x08001670   0x00000060   Code   RO          632    i.HAL_TIM_MspPostInit  tim.o
    0x080016d0   0x080016d0   0x00000002   Code   RO          991    i.HAL_TIM_OC_DelayElapsedCallback  stm32f1xx_hal_tim.o
    0x080016d2   0x080016d2   0x000000cc   Code   RO         1012    i.HAL_TIM_PWM_ConfigChannel  stm32f1xx_hal_tim.o
    0x0800179e   0x0800179e   0x0000005a   Code   RO         1015    i.HAL_TIM_PWM_Init  stm32f1xx_hal_tim.o
    0x080017f8   0x080017f8   0x00000002   Code   RO         1017    i.HAL_TIM_PWM_MspInit  stm32f1xx_hal_tim.o
    0x080017fa   0x080017fa   0x00000002   Code   RO         1018    i.HAL_TIM_PWM_PulseFinishedCallback  stm32f1xx_hal_tim.o
    0x080017fc   0x080017fc   0x000000b4   Code   RO         1020    i.HAL_TIM_PWM_Start  stm32f1xx_hal_tim.o
    0x080018b0   0x080018b0   0x00000002   Code   RO         1026    i.HAL_TIM_PeriodElapsedCallback  stm32f1xx_hal_tim.o
    0x080018b2   0x080018b2   0x00000002   Code   RO         1031    i.HAL_TIM_TriggerCallback  stm32f1xx_hal_tim.o
    0x080018b4   0x080018b4   0x0000004e   Code   RO         2898    i.HAL_UARTEx_ReceiveToIdle_DMA  stm32f1xx_hal_uart.o
    0x08001902   0x08001902   0x00000002   PAD
    0x08001904   0x08001904   0x000001d4   Code   RO           15    i.HAL_UARTEx_RxEventCallback  main.o
    0x08001ad8   0x08001ad8   0x00000030   Code   RO           16    i.HAL_UART_ErrorCallback  main.o
    0x08001b08   0x08001b08   0x0000026c   Code   RO         2917    i.HAL_UART_IRQHandler  stm32f1xx_hal_uart.o
    0x08001d74   0x08001d74   0x00000064   Code   RO         2918    i.HAL_UART_Init     stm32f1xx_hal_uart.o
    0x08001dd8   0x08001dd8   0x000000b0   Code   RO          702    i.HAL_UART_MspInit  usart.o
    0x08001e88   0x08001e88   0x00000002   Code   RO         2924    i.HAL_UART_RxCpltCallback  stm32f1xx_hal_uart.o
    0x08001e8a   0x08001e8a   0x00000002   Code   RO         2925    i.HAL_UART_RxHalfCpltCallback  stm32f1xx_hal_uart.o
    0x08001e8c   0x08001e8c   0x0000009a   Code   RO         2926    i.HAL_UART_Transmit  stm32f1xx_hal_uart.o
    0x08001f26   0x08001f26   0x00000002   Code   RO         2929    i.HAL_UART_TxCpltCallback  stm32f1xx_hal_uart.o
    0x08001f28   0x08001f28   0x00000002   Code   RO          758    i.HardFault_Handler  stm32f1xx_it.o
    0x08001f2a   0x08001f2a   0x00000014   Code   RO         3293    i.LCD_Clear         bsp_ili9341_lcd.o
    0x08001f3e   0x08001f3e   0x00000002   PAD
    0x08001f40   0x08001f40   0x00000308   Code   RO         3295    i.LCD_DrawPoint     bsp_ili9341_lcd.o
    0x08002248   0x08002248   0x00000014   Code   RO         3297    i.LCD_Draw_Point    bsp_ili9341_lcd.o
    0x0800225c   0x0800225c   0x00000310   Code   RO         3298    i.LCD_Fill          bsp_ili9341_lcd.o
    0x0800256c   0x0800256c   0x000084ca   Code   RO         3299    i.LCD_Init          bsp_ili9341_lcd.o
    0x0800aa36   0x0800aa36   0x00000002   PAD
    0x0800aa38   0x0800aa38   0x00000040   Code   RO         3300    i.LCD_RESET         bsp_ili9341_lcd.o
    0x0800aa78   0x0800aa78   0x000015e8   Code   RO         3450    i.LCD_SetCursor     bsp_ili9341_lcd.o
    0x0800c060   0x0800c060   0x000000f8   Code   RO         3302    i.LCD_ShowChar      bsp_ili9341_lcd.o
    0x0800c158   0x0800c158   0x0000004c   Code   RO         3304    i.LCD_ShowString    bsp_ili9341_lcd.o
    0x0800c1a4   0x0800c1a4   0x0000028c   Code   RO         3305    i.LCD_WR_REG        bsp_ili9341_lcd.o
    0x0800c430   0x0800c430   0x000002e0   Code   RO         3308    i.LCD_WriteReg      bsp_ili9341_lcd.o
    0x0800c710   0x0800c710   0x0000002c   Code   RO          605    i.MX_DMA_Init       dma.o
    0x0800c73c   0x0800c73c   0x000000e8   Code   RO          577    i.MX_GPIO_Init      gpio.o
    0x0800c824   0x0800c824   0x000000b0   Code   RO          633    i.MX_TIM3_Init      tim.o
    0x0800c8d4   0x0800c8d4   0x00000058   Code   RO          634    i.MX_TIM6_Init      tim.o
    0x0800c92c   0x0800c92c   0x00000038   Code   RO          703    i.MX_USART1_UART_Init  usart.o
    0x0800c964   0x0800c964   0x00000002   Code   RO          759    i.MemManage_Handler  stm32f1xx_it.o
    0x0800c966   0x0800c966   0x00000006   Code   RO          760    i.NMI_Handler       stm32f1xx_it.o
    0x0800c96c   0x0800c96c   0x00000002   Code   RO          761    i.PendSV_Handler    stm32f1xx_it.o
    0x0800c96e   0x0800c96e   0x00000002   Code   RO          762    i.SVC_Handler       stm32f1xx_it.o
    0x0800c970   0x0800c970   0x00000004   Code   RO          763    i.SysTick_Handler   stm32f1xx_it.o
    0x0800c974   0x0800c974   0x00000060   Code   RO           17    i.SystemClock_Config  main.o
    0x0800c9d4   0x0800c9d4   0x00000002   Code   RO         3252    i.SystemInit        system_stm32f1xx.o
    0x0800c9d6   0x0800c9d6   0x00000002   PAD
    0x0800c9d8   0x0800c9d8   0x00000020   Code   RO          764    i.TIM3_IRQHandler   stm32f1xx_it.o
    0x0800c9f8   0x0800c9f8   0x0000000c   Code   RO          765    i.TIM6_IRQHandler   stm32f1xx_it.o
    0x0800ca04   0x0800ca04   0x0000008c   Code   RO         1033    i.TIM_Base_SetConfig  stm32f1xx_hal_tim.o
    0x0800ca90   0x0800ca90   0x0000001a   Code   RO         1034    i.TIM_CCxChannelCmd  stm32f1xx_hal_tim.o
    0x0800caaa   0x0800caaa   0x00000014   Code   RO         1044    i.TIM_ETR_SetConfig  stm32f1xx_hal_tim.o
    0x0800cabe   0x0800cabe   0x00000010   Code   RO         1045    i.TIM_ITRx_SetConfig  stm32f1xx_hal_tim.o
    0x0800cace   0x0800cace   0x00000002   PAD
    0x0800cad0   0x0800cad0   0x00000060   Code   RO         1046    i.TIM_OC1_SetConfig  stm32f1xx_hal_tim.o
    0x0800cb30   0x0800cb30   0x0000006c   Code   RO         1047    i.TIM_OC2_SetConfig  stm32f1xx_hal_tim.o
    0x0800cb9c   0x0800cb9c   0x00000068   Code   RO         1048    i.TIM_OC3_SetConfig  stm32f1xx_hal_tim.o
    0x0800cc04   0x0800cc04   0x00000050   Code   RO         1049    i.TIM_OC4_SetConfig  stm32f1xx_hal_tim.o
    0x0800cc54   0x0800cc54   0x00000022   Code   RO         1051    i.TIM_TI1_ConfigInputStage  stm32f1xx_hal_tim.o
    0x0800cc76   0x0800cc76   0x00000024   Code   RO         1053    i.TIM_TI2_ConfigInputStage  stm32f1xx_hal_tim.o
    0x0800cc9a   0x0800cc9a   0x00000002   PAD
    0x0800cc9c   0x0800cc9c   0x0000006c   Code   RO         3310    i.Test_Show_CH_Font16  bsp_ili9341_lcd.o
    0x0800cd08   0x0800cd08   0x00000010   Code   RO         2931    i.UART_DMAAbortOnError  stm32f1xx_hal_uart.o
    0x0800cd18   0x0800cd18   0x0000004a   Code   RO         2932    i.UART_DMAError     stm32f1xx_hal_uart.o
    0x0800cd62   0x0800cd62   0x00000086   Code   RO         2933    i.UART_DMAReceiveCplt  stm32f1xx_hal_uart.o
    0x0800cde8   0x0800cde8   0x0000001e   Code   RO         2935    i.UART_DMARxHalfCplt  stm32f1xx_hal_uart.o
    0x0800ce06   0x0800ce06   0x0000004e   Code   RO         2941    i.UART_EndRxTransfer  stm32f1xx_hal_uart.o
    0x0800ce54   0x0800ce54   0x0000001c   Code   RO         2942    i.UART_EndTxTransfer  stm32f1xx_hal_uart.o
    0x0800ce70   0x0800ce70   0x000000c2   Code   RO         2943    i.UART_Receive_IT   stm32f1xx_hal_uart.o
    0x0800cf32   0x0800cf32   0x00000002   PAD
    0x0800cf34   0x0800cf34   0x000000b8   Code   RO         2944    i.UART_SetConfig    stm32f1xx_hal_uart.o
    0x0800cfec   0x0800cfec   0x00000090   Code   RO         2945    i.UART_Start_Receive_DMA  stm32f1xx_hal_uart.o
    0x0800d07c   0x0800d07c   0x00000078   Code   RO         2947    i.UART_WaitOnFlagUntilTimeout  stm32f1xx_hal_uart.o
    0x0800d0f4   0x0800d0f4   0x0000000c   Code   RO          766    i.USART1_IRQHandler  stm32f1xx_it.o
    0x0800d100   0x0800d100   0x00000002   Code   RO          767    i.UsageFault_Handler  stm32f1xx_it.o
    0x0800d102   0x0800d102   0x00000002   PAD
    0x0800d104   0x0800d104   0x00000020   Code   RO         3632    i.__0printf$6       mc_w.l(printf6.o)
    0x0800d124   0x0800d124   0x00000028   Code   RO         3634    i.__0sprintf$6      mc_w.l(printf6.o)
    0x0800d14c   0x0800d14c   0x00000020   Code   RO         2401    i.__NVIC_SetPriority  stm32f1xx_hal_cortex.o
    0x0800d16c   0x0800d16c   0x00000008   Code   RO         3759    i.__aeabi_errno_addr  mc_w.l(errno.o)
    0x0800d174   0x0800d174   0x0000000e   Code   RO         3821    i.__scatterload_copy  mc_w.l(handlers.o)
    0x0800d182   0x0800d182   0x00000002   Code   RO         3822    i.__scatterload_null  mc_w.l(handlers.o)
    0x0800d184   0x0800d184   0x0000000e   Code   RO         3823    i.__scatterload_zeroinit  mc_w.l(handlers.o)
    0x0800d192   0x0800d192   0x00000002   PAD
    0x0800d194   0x0800d194   0x000002f0   Code   RO         3639    i._printf_core      mc_w.l(printf6.o)
    0x0800d484   0x0800d484   0x00000024   Code   RO         3640    i._printf_post_padding  mc_w.l(printf6.o)
    0x0800d4a8   0x0800d4a8   0x0000002e   Code   RO         3641    i._printf_pre_padding  mc_w.l(printf6.o)
    0x0800d4d6   0x0800d4d6   0x0000000a   Code   RO         3643    i._sputc            mc_w.l(printf6.o)
    0x0800d4e0   0x0800d4e0   0x00000010   Code   RO          635    i.alarm_stop        tim.o
    0x0800d4f0   0x0800d4f0   0x00000020   Code   RO          636    i.alarm_timeup      tim.o
    0x0800d510   0x0800d510   0x00000018   Code   RO           18    i.fputc             main.o
    0x0800d528   0x0800d528   0x0000020c   Code   RO           19    i.main              main.o
    0x0800d734   0x0800d734   0x00000012   Data   RO         2099    .constdata          stm32f1xx_hal_rcc.o
    0x0800d746   0x0800d746   0x00000010   Data   RO         3253    .constdata          system_stm32f1xx.o
    0x0800d756   0x0800d756   0x00000008   Data   RO         3254    .constdata          system_stm32f1xx.o
    0x0800d75e   0x0800d75e   0x00001d3e   Data   RO         3314    .constdata          bsp_ili9341_lcd.o
    0x0800f49c   0x0800f49c   0x00000081   Data   RO         3786    .constdata          mc_w.l(ctype_o.o)
    0x0800f51d   0x0800f51d   0x00000003   PAD
    0x0800f520   0x0800f520   0x00000004   Data   RO         3787    .constdata          mc_w.l(ctype_o.o)
    0x0800f524   0x0800f524   0x00000020   Data   RO         3819    Region$$Table       anon$$obj.o


    Execution Region RW_IRAM1 (Exec base: 0x20000000, Load base: 0x0800f544, Size: 0x00001210, Max: 0x0000c000, ABSOLUTE)

    Exec Addr    Load Addr    Size         Type   Attr      Idx    E Section Name        Object

    0x20000000   0x0800f544   0x0000000e   Data   RW           21    .data               main.o
    0x2000000e   0x0800f552   0x00000001   Data   RW          707    .data               usart.o
    0x2000000f   0x0800f553   0x00000001   Data   RW          708    .data               usart.o
    0x20000010   0x0800f554   0x00000001   Data   RW          709    .data               usart.o
    0x20000011   0x0800f555   0x00000001   Data   RW          710    .data               usart.o
    0x20000012   0x0800f556   0x00000001   Data   RW          711    .data               usart.o
    0x20000013   0x0800f557   0x00000001   PAD
    0x20000014   0x0800f558   0x00000008   Data   RW          768    .data               stm32f1xx_it.o
    0x2000001c   0x0800f560   0x0000000c   Data   RW         1936    .data               stm32f1xx_hal.o
    0x20000028   0x0800f56c   0x00000004   Data   RW         3255    .data               system_stm32f1xx.o
    0x2000002c   0x0800f570   0x00000008   Data   RW         3315    .data               bsp_ili9341_lcd.o
    0x20000034   0x0800f578   0x00000004   Data   RW         3754    .data               mc_w.l(stdout.o)
    0x20000038   0x0800f57c   0x00000004   Data   RW         3762    .data               mc_w.l(errno.o)
    0x2000003c        -       0x000000b4   Zero   RW           20    .bss                main.o
    0x200000f0        -       0x00000090   Zero   RW          637    .bss                tim.o
    0x20000180        -       0x0000008c   Zero   RW          705    .bss                usart.o
    0x2000020c   0x0800f580   0x00000004   PAD
    0x20000210        -       0x00001000   Zero   RW            1    STACK               startup_stm32f103xe.o


==============================================================================

Image component sizes


      Code (inc. data)   RO Data    RW Data    ZI Data      Debug   Object Name

     43292         82       7486          8          0      35321   bsp_ili9341_lcd.o
        44          4          0          0          0        754   dma.o
       232         16          0          0          0        987   gpio.o
      1220        352          0         14        180     492896   main.o
        36          8        304          0       4096        796   startup_stm32f103xe.o
       164         28          0         12          0       6477   stm32f1xx_hal.o
       198         14          0          0          0      28839   stm32f1xx_hal_cortex.o
      1236         52          0          0          0       5010   stm32f1xx_hal_dma.o
       540         48          0          0          0       3988   stm32f1xx_hal_gpio.o
        60          8          0          0          0        866   stm32f1xx_hal_msp.o
      1278         92         18          0          0       6627   stm32f1xx_hal_rcc.o
      1922         96          0          0          0      16626   stm32f1xx_hal_tim.o
       128         20          0          0          0       2401   stm32f1xx_hal_tim_ex.o
      1960         24          0          0          0      13360   stm32f1xx_hal_uart.o
       172         42          0          8          0       7793   stm32f1xx_it.o
         2          0         24          4          0       1115   system_stm32f1xx.o
       568         62          0          0        144       4275   tim.o
       232         30          0          5        140       2110   usart.o

    ----------------------------------------------------------------------
     53314        978       7864         52       4564     630241   Object Totals
         0          0         32          0          0          0   (incl. Generated)
        30          0          0          1          4          0   (incl. Padding)

    ----------------------------------------------------------------------

      Code (inc. data)   RO Data    RW Data    ZI Data      Debug   Library Member Name

        28          0          0          0          0         68   _chval.o
       158          0          0          0          0         92   _strtoul.o
        26          0          0          0          0         80   atoi.o
         8          4        133          0          0         68   ctype_o.o
         0          0          0          0          0          0   entry.o
         0          0          0          0          0          0   entry10a.o
         0          0          0          0          0          0   entry11a.o
         8          4          0          0          0          0   entry2.o
         4          0          0          0          0          0   entry5.o
         0          0          0          0          0          0   entry7b.o
         0          0          0          0          0          0   entry8b.o
         8          4          0          0          0          0   entry9a.o
         8          4          0          4          0         68   errno.o
        30          0          0          0          0          0   handlers.o
        36          8          0          0          0         68   init.o
        26          0          0          0          0         80   memcmp.o
        36          0          0          0          0        108   memseta.o
       916         20          0          0          0        504   printf6.o
         0          0          0          4          0          0   stdout.o
        24          0          0          0          0         76   strncpy.o
       112          0          0          0          0         88   strtol.o
        44          0          0          0          0         80   uidiv.o

    ----------------------------------------------------------------------
      1474         44        136          8          0       1380   Library Totals
         2          0          3          0          0          0   (incl. Padding)

    ----------------------------------------------------------------------

      Code (inc. data)   RO Data    RW Data    ZI Data      Debug   Library Name

      1472         44        133          8          0       1380   mc_w.l

    ----------------------------------------------------------------------
      1474         44        136          8          0       1380   Library Totals

    ----------------------------------------------------------------------

==============================================================================


      Code (inc. data)   RO Data    RW Data    ZI Data      Debug   

     54788       1022       8000         60       4564     625013   Grand Totals
     54788       1022       8000         60       4564     625013   ELF Image Totals
     54788       1022       8000         60          0          0   ROM Totals

==============================================================================

    Total RO  Size (Code + RO Data)                62788 (  61.32kB)
    Total RW  Size (RW Data + ZI Data)              4624 (   4.52kB)
    Total ROM Size (Code + RO Data + RW Data)      62848 (  61.38kB)

==============================================================================

